// Validating benchmarks:
// ***** BenchmarkRunner: Start   *****
// ***** Found 10 benchmark(s) in total *****
// ***** Building 1 exe(s) in Parallel: Start   *****
// start dotnet  restore --nodeReuse:false /p:UseSharedCompilation=false /p:Deterministic=true /p:Optimize=true /p:ArtifactsPath="/Users/bjornandersson/dev/com.bson/dotnet/MvtNet/MvtNet.Benchmarks/bin/Release/net10.0/MvtNet.Benchmarks-ShortRun-1/" /p:OutDir="/Users/bjornandersson/dev/com.bson/dotnet/MvtNet/MvtNet.Benchmarks/bin/Release/net10.0/MvtNet.Benchmarks-ShortRun-1/bin/Release/net10.0/" /p:OutputPath="/Users/bjornandersson/dev/com.bson/dotnet/MvtNet/MvtNet.Benchmarks/bin/Release/net10.0/MvtNet.Benchmarks-ShortRun-1/bin/Release/net10.0/" /p:PublishDir="/Users/bjornandersson/dev/com.bson/dotnet/MvtNet/MvtNet.Benchmarks/bin/Release/net10.0/MvtNet.Benchmarks-ShortRun-1/publish/" in /Users/bjornandersson/dev/com.bson/dotnet/MvtNet/MvtNet.Benchmarks/bin/Release/net10.0/MvtNet.Benchmarks-ShortRun-1
// command took 0.73 sec and exited with 0
// start dotnet  build -c Release --no-restore --nodeReuse:false /p:UseSharedCompilation=false /p:Deterministic=true /p:Optimize=true /p:ArtifactsPath="/Users/bjornandersson/dev/com.bson/dotnet/MvtNet/MvtNet.Benchmarks/bin/Release/net10.0/MvtNet.Benchmarks-ShortRun-1/" /p:OutDir="/Users/bjornandersson/dev/com.bson/dotnet/MvtNet/MvtNet.Benchmarks/bin/Release/net10.0/MvtNet.Benchmarks-ShortRun-1/bin/Release/net10.0/" /p:OutputPath="/Users/bjornandersson/dev/com.bson/dotnet/MvtNet/MvtNet.Benchmarks/bin/Release/net10.0/MvtNet.Benchmarks-ShortRun-1/bin/Release/net10.0/" /p:PublishDir="/Users/bjornandersson/dev/com.bson/dotnet/MvtNet/MvtNet.Benchmarks/bin/Release/net10.0/MvtNet.Benchmarks-ShortRun-1/publish/" --output "/Users/bjornandersson/dev/com.bson/dotnet/MvtNet/MvtNet.Benchmarks/bin/Release/net10.0/MvtNet.Benchmarks-ShortRun-1/bin/Release/net10.0/" in /Users/bjornandersson/dev/com.bson/dotnet/MvtNet/MvtNet.Benchmarks/bin/Release/net10.0/MvtNet.Benchmarks-ShortRun-1
// command took 4.82 sec and exited with 0
// ***** Done, took 00:00:05 (5.62 sec)   *****
// Found 10 benchmarks:
//   TileBuilderBenchmarks.'Single point': ShortRun(IterationCount=3, LaunchCount=1, WarmupCount=3)
//   TileBuilderBenchmarks.'Point with attributes': ShortRun(IterationCount=3, LaunchCount=1, WarmupCount=3)
//   TileBuilderBenchmarks.'10 points': ShortRun(IterationCount=3, LaunchCount=1, WarmupCount=3)
//   TileBuilderBenchmarks.'100 points': ShortRun(IterationCount=3, LaunchCount=1, WarmupCount=3)
//   TileBuilderBenchmarks.'LineString (5 pts)': ShortRun(IterationCount=3, LaunchCount=1, WarmupCount=3)
//   TileBuilderBenchmarks.'Polygon (4 pts)': ShortRun(IterationCount=3, LaunchCount=1, WarmupCount=3)
//   TileBuilderBenchmarks.'Mixed tile (realistic)': ShortRun(IterationCount=3, LaunchCount=1, WarmupCount=3)
//   TileBuilderBenchmarks.'LineString (3000 pts, 200km, zoomed in)': ShortRun(IterationCount=3, LaunchCount=1, WarmupCount=3)
//   TileBuilderBenchmarks.'LineString (3000 pts, 200km, zoomed out)': ShortRun(IterationCount=3, LaunchCount=1, WarmupCount=3)
//   TileBuilderBenchmarks.'Point outside tile (skip)': ShortRun(IterationCount=3, LaunchCount=1, WarmupCount=3)

// **************************
// Benchmark: TileBuilderBenchmarks.'Single point': ShortRun(IterationCount=3, LaunchCount=1, WarmupCount=3)
// *** Execute ***
// Launch: 1 / 1
// Execute: dotnet MvtNet.Benchmarks-ShortRun-1.dll --anonymousPipes 129 130 --benchmarkName MvtNet.Benchmarks.TileBuilderBenchmarks.SinglePoint --job ShortRun --benchmarkId 0 in /Users/bjornandersson/dev/com.bson/dotnet/MvtNet/MvtNet.Benchmarks/bin/Release/net10.0/MvtNet.Benchmarks-ShortRun-1/bin/Release/net10.0
// Failed to set up high priority (Permission denied). In order to run benchmarks with high priority, make sure you have the right permissions.
// BeforeAnythingElse

// Benchmark Process Environment Information:
// BenchmarkDotNet v0.15.8
// Runtime=.NET 10.0.5 (10.0.5, 10.0.526.15411), Arm64 RyuJIT armv8.0-a
// GC=Concurrent Workstation
// HardwareIntrinsics=ArmBase+AdvSimd,AES,CRC32,DP,RDM,SHA1,SHA256 VectorSize=128
// Job: ShortRun(IterationCount=3, LaunchCount=1, WarmupCount=3)

OverheadJitting  1: 1 op, 108125.00 ns, 108.1250 us/op
WorkloadJitting  1: 1 op, 7234084.00 ns, 7.2341 ms/op

OverheadJitting  2: 16 op, 359625.00 ns, 22.4766 us/op
WorkloadJitting  2: 16 op, 412875.00 ns, 25.8047 us/op

WorkloadPilot    1: 16 op, 51458.00 ns, 3.2161 us/op
WorkloadPilot    2: 32 op, 69083.00 ns, 2.1588 us/op
WorkloadPilot    3: 64 op, 130917.00 ns, 2.0456 us/op
WorkloadPilot    4: 128 op, 267166.00 ns, 2.0872 us/op
WorkloadPilot    5: 256 op, 607459.00 ns, 2.3729 us/op
WorkloadPilot    6: 512 op, 1150500.00 ns, 2.2471 us/op
WorkloadPilot    7: 1024 op, 2266541.00 ns, 2.2134 us/op
WorkloadPilot    8: 2048 op, 4975417.00 ns, 2.4294 us/op
WorkloadPilot    9: 4096 op, 10124667.00 ns, 2.4718 us/op
WorkloadPilot   10: 8192 op, 18931333.00 ns, 2.3110 us/op
WorkloadPilot   11: 16384 op, 36176833.00 ns, 2.2081 us/op
WorkloadPilot   12: 32768 op, 76548625.00 ns, 2.3361 us/op
WorkloadPilot   13: 65536 op, 57215417.00 ns, 873.0380 ns/op
WorkloadPilot   14: 131072 op, 63112334.00 ns, 481.5089 ns/op
WorkloadPilot   15: 262144 op, 127633459.00 ns, 486.8830 ns/op
WorkloadPilot   16: 524288 op, 253586333.00 ns, 483.6775 ns/op
WorkloadPilot   17: 1048576 op, 519152875.00 ns, 495.1028 ns/op

OverheadWarmup   1: 1048576 op, 2298625.00 ns, 2.1921 ns/op
OverheadWarmup   2: 1048576 op, 2380417.00 ns, 2.2701 ns/op
OverheadWarmup   3: 1048576 op, 2371625.00 ns, 2.2618 ns/op
OverheadWarmup   4: 1048576 op, 2439416.00 ns, 2.3264 ns/op
OverheadWarmup   5: 1048576 op, 2295791.00 ns, 2.1894 ns/op

OverheadActual   1: 1048576 op, 2296083.00 ns, 2.1897 ns/op
OverheadActual   2: 1048576 op, 2300375.00 ns, 2.1938 ns/op
OverheadActual   3: 1048576 op, 2296625.00 ns, 2.1902 ns/op
OverheadActual   4: 1048576 op, 2296209.00 ns, 2.1898 ns/op
OverheadActual   5: 1048576 op, 2372250.00 ns, 2.2624 ns/op
OverheadActual   6: 1048576 op, 2327000.00 ns, 2.2192 ns/op
OverheadActual   7: 1048576 op, 2342333.00 ns, 2.2338 ns/op
OverheadActual   8: 1048576 op, 2380208.00 ns, 2.2699 ns/op
OverheadActual   9: 1048576 op, 2373250.00 ns, 2.2633 ns/op
OverheadActual  10: 1048576 op, 2378834.00 ns, 2.2686 ns/op
OverheadActual  11: 1048576 op, 2368125.00 ns, 2.2584 ns/op
OverheadActual  12: 1048576 op, 2377542.00 ns, 2.2674 ns/op
OverheadActual  13: 1048576 op, 2393584.00 ns, 2.2827 ns/op
OverheadActual  14: 1048576 op, 2376500.00 ns, 2.2664 ns/op
OverheadActual  15: 1048576 op, 2371833.00 ns, 2.2620 ns/op

WorkloadWarmup   1: 1048576 op, 505708208.00 ns, 482.2809 ns/op
WorkloadWarmup   2: 1048576 op, 505847583.00 ns, 482.4138 ns/op
WorkloadWarmup   3: 1048576 op, 508911583.00 ns, 485.3359 ns/op

// BeforeActualRun
WorkloadActual   1: 1048576 op, 507641208.00 ns, 484.1244 ns/op
WorkloadActual   2: 1048576 op, 508215375.00 ns, 484.6720 ns/op
WorkloadActual   3: 1048576 op, 504996625.00 ns, 481.6023 ns/op

// AfterActualRun
WorkloadResult   1: 1048576 op, 505269375.00 ns, 481.8624 ns/op
WorkloadResult   2: 1048576 op, 505843542.00 ns, 482.4100 ns/op
WorkloadResult   3: 1048576 op, 502624792.00 ns, 479.3404 ns/op
// GC:  306 1 0 1920991232 1048576
// Threading:  0 0 1048576

// AfterAll
// Benchmark Process 94882 has exited with code 0.

Mean = 481.204 ns, StdErr = 0.945 ns (0.20%), N = 3, StdDev = 1.637 ns
Min = 479.340 ns, Q1 = 480.601 ns, Median = 481.862 ns, Q3 = 482.136 ns, Max = 482.410 ns
IQR = 1.535 ns, LowerFence = 478.299 ns, UpperFence = 484.438 ns
ConfidenceInterval = [451.335 ns; 511.074 ns] (CI 99.9%), Margin = 29.869 ns (6.21% of Mean)
Skewness = -0.34, Kurtosis = 0.67, MValue = 2

// ** Remained 9 (90.0%) benchmark(s) to run. Estimated finish 2026-04-04 1:05 (0h 0m from now) **
// **************************
// Benchmark: TileBuilderBenchmarks.'Point with attributes': ShortRun(IterationCount=3, LaunchCount=1, WarmupCount=3)
// *** Execute ***
// Launch: 1 / 1
// Execute: dotnet MvtNet.Benchmarks-ShortRun-1.dll --anonymousPipes 129 130 --benchmarkName MvtNet.Benchmarks.TileBuilderBenchmarks.PointWithAttributes --job ShortRun --benchmarkId 1 in /Users/bjornandersson/dev/com.bson/dotnet/MvtNet/MvtNet.Benchmarks/bin/Release/net10.0/MvtNet.Benchmarks-ShortRun-1/bin/Release/net10.0
// Failed to set up high priority (Permission denied). In order to run benchmarks with high priority, make sure you have the right permissions.
// BeforeAnythingElse

// Benchmark Process Environment Information:
// BenchmarkDotNet v0.15.8
// Runtime=.NET 10.0.5 (10.0.5, 10.0.526.15411), Arm64 RyuJIT armv8.0-a
// GC=Concurrent Workstation
// HardwareIntrinsics=ArmBase+AdvSimd,AES,CRC32,DP,RDM,SHA1,SHA256 VectorSize=128
// Job: ShortRun(IterationCount=3, LaunchCount=1, WarmupCount=3)

OverheadJitting  1: 1 op, 113166.00 ns, 113.1660 us/op
WorkloadJitting  1: 1 op, 9562458.00 ns, 9.5625 ms/op

OverheadJitting  2: 16 op, 362459.00 ns, 22.6537 us/op
WorkloadJitting  2: 16 op, 414250.00 ns, 25.8906 us/op

WorkloadPilot    1: 16 op, 87500.00 ns, 5.4688 us/op
WorkloadPilot    2: 32 op, 157042.00 ns, 4.9076 us/op
WorkloadPilot    3: 64 op, 306208.00 ns, 4.7845 us/op
WorkloadPilot    4: 128 op, 630458.00 ns, 4.9255 us/op
WorkloadPilot    5: 256 op, 1370500.00 ns, 5.3535 us/op
WorkloadPilot    6: 512 op, 2666208.00 ns, 5.2074 us/op
WorkloadPilot    7: 1024 op, 5504125.00 ns, 5.3751 us/op
WorkloadPilot    8: 2048 op, 11021417.00 ns, 5.3816 us/op
WorkloadPilot    9: 4096 op, 20980625.00 ns, 5.1222 us/op
WorkloadPilot   10: 8192 op, 42152708.00 ns, 5.1456 us/op
WorkloadPilot   11: 16384 op, 86549333.00 ns, 5.2826 us/op
WorkloadPilot   12: 32768 op, 49705375.00 ns, 1.5169 us/op
WorkloadPilot   13: 65536 op, 62633708.00 ns, 955.7145 ns/op
WorkloadPilot   14: 131072 op, 133146708.00 ns, 1.0158 us/op
WorkloadPilot   15: 262144 op, 254088458.00 ns, 969.2705 ns/op
WorkloadPilot   16: 524288 op, 506734750.00 ns, 966.5198 ns/op

OverheadWarmup   1: 524288 op, 1222833.00 ns, 2.3324 ns/op
OverheadWarmup   2: 524288 op, 1221041.00 ns, 2.3290 ns/op
OverheadWarmup   3: 524288 op, 1234792.00 ns, 2.3552 ns/op
OverheadWarmup   4: 524288 op, 1207666.00 ns, 2.3034 ns/op
OverheadWarmup   5: 524288 op, 1215417.00 ns, 2.3182 ns/op
OverheadWarmup   6: 524288 op, 1187291.00 ns, 2.2646 ns/op

OverheadActual   1: 524288 op, 1187958.00 ns, 2.2659 ns/op
OverheadActual   2: 524288 op, 1204084.00 ns, 2.2966 ns/op
OverheadActual   3: 524288 op, 1197750.00 ns, 2.2845 ns/op
OverheadActual   4: 524288 op, 1185334.00 ns, 2.2608 ns/op
OverheadActual   5: 524288 op, 1212167.00 ns, 2.3120 ns/op
OverheadActual   6: 524288 op, 1230458.00 ns, 2.3469 ns/op
OverheadActual   7: 524288 op, 1188250.00 ns, 2.2664 ns/op
OverheadActual   8: 524288 op, 1185250.00 ns, 2.2607 ns/op
OverheadActual   9: 524288 op, 1187875.00 ns, 2.2657 ns/op
OverheadActual  10: 524288 op, 1187792.00 ns, 2.2655 ns/op
OverheadActual  11: 524288 op, 1203417.00 ns, 2.2953 ns/op
OverheadActual  12: 524288 op, 1157625.00 ns, 2.2080 ns/op
OverheadActual  13: 524288 op, 1153291.00 ns, 2.1997 ns/op
OverheadActual  14: 524288 op, 1168417.00 ns, 2.2286 ns/op
OverheadActual  15: 524288 op, 1152250.00 ns, 2.1977 ns/op

WorkloadWarmup   1: 524288 op, 507656875.00 ns, 968.2786 ns/op
WorkloadWarmup   2: 524288 op, 503173750.00 ns, 959.7278 ns/op
WorkloadWarmup   3: 524288 op, 526523709.00 ns, 1.0043 us/op

// BeforeActualRun
WorkloadActual   1: 524288 op, 505758625.00 ns, 964.6580 ns/op
WorkloadActual   2: 524288 op, 507327417.00 ns, 967.6503 ns/op
WorkloadActual   3: 524288 op, 504402125.00 ns, 962.0707 ns/op

// AfterActualRun
WorkloadResult   1: 524288 op, 504570750.00 ns, 962.3923 ns/op
WorkloadResult   2: 524288 op, 506139542.00 ns, 965.3846 ns/op
WorkloadResult   3: 524288 op, 503214250.00 ns, 959.8050 ns/op
// GC:  267 2 0 1677721600 524288
// Threading:  0 0 524288

// AfterAll
// Benchmark Process 94906 has exited with code 0.

Mean = 962.527 ns, StdErr = 1.612 ns (0.17%), N = 3, StdDev = 2.792 ns
Min = 959.805 ns, Q1 = 961.099 ns, Median = 962.392 ns, Q3 = 963.888 ns, Max = 965.385 ns
IQR = 2.790 ns, LowerFence = 956.914 ns, UpperFence = 968.073 ns
ConfidenceInterval = [911.587 ns; 1,013.468 ns] (CI 99.9%), Margin = 50.941 ns (5.29% of Mean)
Skewness = 0.05, Kurtosis = 0.67, MValue = 2

// ** Remained 8 (80.0%) benchmark(s) to run. Estimated finish 2026-04-04 1:05 (0h 0m from now) **
// **************************
// Benchmark: TileBuilderBenchmarks.'10 points': ShortRun(IterationCount=3, LaunchCount=1, WarmupCount=3)
// *** Execute ***
// Launch: 1 / 1
// Execute: dotnet MvtNet.Benchmarks-ShortRun-1.dll --anonymousPipes 129 130 --benchmarkName MvtNet.Benchmarks.TileBuilderBenchmarks.TenPoints --job ShortRun --benchmarkId 2 in /Users/bjornandersson/dev/com.bson/dotnet/MvtNet/MvtNet.Benchmarks/bin/Release/net10.0/MvtNet.Benchmarks-ShortRun-1/bin/Release/net10.0
// Failed to set up high priority (Permission denied). In order to run benchmarks with high priority, make sure you have the right permissions.
// BeforeAnythingElse

// Benchmark Process Environment Information:
// BenchmarkDotNet v0.15.8
// Runtime=.NET 10.0.5 (10.0.5, 10.0.526.15411), Arm64 RyuJIT armv8.0-a
// GC=Concurrent Workstation
// HardwareIntrinsics=ArmBase+AdvSimd,AES,CRC32,DP,RDM,SHA1,SHA256 VectorSize=128
// Job: ShortRun(IterationCount=3, LaunchCount=1, WarmupCount=3)

OverheadJitting  1: 1 op, 109333.00 ns, 109.3330 us/op
WorkloadJitting  1: 1 op, 9758917.00 ns, 9.7589 ms/op

OverheadJitting  2: 16 op, 368208.00 ns, 23.0130 us/op
WorkloadJitting  2: 16 op, 633916.00 ns, 39.6198 us/op

WorkloadPilot    1: 16 op, 380250.00 ns, 23.7656 us/op
WorkloadPilot    2: 32 op, 749167.00 ns, 23.4115 us/op
WorkloadPilot    3: 64 op, 1437042.00 ns, 22.4538 us/op
WorkloadPilot    4: 128 op, 2887292.00 ns, 22.5570 us/op
WorkloadPilot    5: 256 op, 5838875.00 ns, 22.8081 us/op
WorkloadPilot    6: 512 op, 11582125.00 ns, 22.6213 us/op
WorkloadPilot    7: 1024 op, 23097542.00 ns, 22.5562 us/op
WorkloadPilot    8: 2048 op, 44501541.00 ns, 21.7293 us/op
WorkloadPilot    9: 4096 op, 84162959.00 ns, 20.5476 us/op
WorkloadPilot   10: 8192 op, 42724166.00 ns, 5.2154 us/op
WorkloadPilot   11: 16384 op, 64881458.00 ns, 3.9600 us/op
WorkloadPilot   12: 32768 op, 125835167.00 ns, 3.8402 us/op
WorkloadPilot   13: 65536 op, 252042166.00 ns, 3.8459 us/op
WorkloadPilot   14: 131072 op, 502106583.00 ns, 3.8308 us/op

OverheadWarmup   1: 131072 op, 290167.00 ns, 2.2138 ns/op
OverheadWarmup   2: 131072 op, 290333.00 ns, 2.2151 ns/op
OverheadWarmup   3: 131072 op, 287584.00 ns, 2.1941 ns/op
OverheadWarmup   4: 131072 op, 287417.00 ns, 2.1928 ns/op
OverheadWarmup   5: 131072 op, 287709.00 ns, 2.1950 ns/op
OverheadWarmup   6: 131072 op, 290041.00 ns, 2.2128 ns/op
OverheadWarmup   7: 131072 op, 287584.00 ns, 2.1941 ns/op

OverheadActual   1: 131072 op, 290167.00 ns, 2.2138 ns/op
OverheadActual   2: 131072 op, 287417.00 ns, 2.1928 ns/op
OverheadActual   3: 131072 op, 299042.00 ns, 2.2815 ns/op
OverheadActual   4: 131072 op, 304333.00 ns, 2.3219 ns/op
OverheadActual   5: 131072 op, 298250.00 ns, 2.2755 ns/op
OverheadActual   6: 131072 op, 291500.00 ns, 2.2240 ns/op
OverheadActual   7: 131072 op, 289291.00 ns, 2.2071 ns/op
OverheadActual   8: 131072 op, 289000.00 ns, 2.2049 ns/op
OverheadActual   9: 131072 op, 298125.00 ns, 2.2745 ns/op
OverheadActual  10: 131072 op, 298083.00 ns, 2.2742 ns/op
OverheadActual  11: 131072 op, 298250.00 ns, 2.2755 ns/op
OverheadActual  12: 131072 op, 298208.00 ns, 2.2751 ns/op
OverheadActual  13: 131072 op, 318459.00 ns, 2.4296 ns/op
OverheadActual  14: 131072 op, 337333.00 ns, 2.5736 ns/op
OverheadActual  15: 131072 op, 322708.00 ns, 2.4621 ns/op

WorkloadWarmup   1: 131072 op, 502929417.00 ns, 3.8370 us/op
WorkloadWarmup   2: 131072 op, 502139542.00 ns, 3.8310 us/op
WorkloadWarmup   3: 131072 op, 504385708.00 ns, 3.8482 us/op

// BeforeActualRun
WorkloadActual   1: 131072 op, 502902125.00 ns, 3.8368 us/op
WorkloadActual   2: 131072 op, 502984084.00 ns, 3.8375 us/op
WorkloadActual   3: 131072 op, 501452583.00 ns, 3.8258 us/op

// AfterActualRun
WorkloadResult   1: 131072 op, 502603917.00 ns, 3.8346 us/op
WorkloadResult   2: 131072 op, 502685876.00 ns, 3.8352 us/op
WorkloadResult   3: 131072 op, 501154375.00 ns, 3.8235 us/op
// GC:  146 2 0 921698304 131072
// Threading:  0 0 131072

// AfterAll
// Benchmark Process 94924 has exited with code 0.

Mean = 3.831 μs, StdErr = 0.004 μs (0.10%), N = 3, StdDev = 0.007 μs
Min = 3.824 μs, Q1 = 3.829 μs, Median = 3.835 μs, Q3 = 3.835 μs, Max = 3.835 μs
IQR = 0.006 μs, LowerFence = 3.820 μs, UpperFence = 3.844 μs
ConfidenceInterval = [3.711 μs; 3.951 μs] (CI 99.9%), Margin = 0.120 μs (3.13% of Mean)
Skewness = -0.38, Kurtosis = 0.67, MValue = 2

// ** Remained 7 (70.0%) benchmark(s) to run. Estimated finish 2026-04-04 1:05 (0h 0m from now) **
// **************************
// Benchmark: TileBuilderBenchmarks.'100 points': ShortRun(IterationCount=3, LaunchCount=1, WarmupCount=3)
// *** Execute ***
// Launch: 1 / 1
// Execute: dotnet MvtNet.Benchmarks-ShortRun-1.dll --anonymousPipes 129 130 --benchmarkName MvtNet.Benchmarks.TileBuilderBenchmarks.HundredPoints --job ShortRun --benchmarkId 3 in /Users/bjornandersson/dev/com.bson/dotnet/MvtNet/MvtNet.Benchmarks/bin/Release/net10.0/MvtNet.Benchmarks-ShortRun-1/bin/Release/net10.0
// Failed to set up high priority (Permission denied). In order to run benchmarks with high priority, make sure you have the right permissions.
// BeforeAnythingElse

// Benchmark Process Environment Information:
// BenchmarkDotNet v0.15.8
// Runtime=.NET 10.0.5 (10.0.5, 10.0.526.15411), Arm64 RyuJIT armv8.0-a
// GC=Concurrent Workstation
// HardwareIntrinsics=ArmBase+AdvSimd,AES,CRC32,DP,RDM,SHA1,SHA256 VectorSize=128
// Job: ShortRun(IterationCount=3, LaunchCount=1, WarmupCount=3)

OverheadJitting  1: 1 op, 408125.00 ns, 408.1250 us/op
WorkloadJitting  1: 1 op, 9988417.00 ns, 9.9884 ms/op

OverheadJitting  2: 16 op, 387584.00 ns, 24.2240 us/op
WorkloadJitting  2: 16 op, 3483500.00 ns, 217.7188 us/op

WorkloadPilot    1: 16 op, 3013041.00 ns, 188.3151 us/op
WorkloadPilot    2: 32 op, 6137750.00 ns, 191.8047 us/op
WorkloadPilot    3: 64 op, 12485833.00 ns, 195.0911 us/op
WorkloadPilot    4: 128 op, 24501458.00 ns, 191.4176 us/op
WorkloadPilot    5: 256 op, 46949583.00 ns, 183.3968 us/op
WorkloadPilot    6: 512 op, 110474875.00 ns, 215.7712 us/op
WorkloadPilot    7: 1024 op, 95145375.00 ns, 92.9154 us/op
WorkloadPilot    8: 2048 op, 66836208.00 ns, 32.6349 us/op
WorkloadPilot    9: 4096 op, 128138167.00 ns, 31.2837 us/op
WorkloadPilot   10: 8192 op, 256153000.00 ns, 31.2687 us/op
WorkloadPilot   11: 16384 op, 516558916.00 ns, 31.5283 us/op

OverheadWarmup   1: 16384 op, 42875.00 ns, 2.6169 ns/op
OverheadWarmup   2: 16384 op, 38500.00 ns, 2.3499 ns/op
OverheadWarmup   3: 16384 op, 38458.00 ns, 2.3473 ns/op
OverheadWarmup   4: 16384 op, 38500.00 ns, 2.3499 ns/op
OverheadWarmup   5: 16384 op, 38666.00 ns, 2.3600 ns/op
OverheadWarmup   6: 16384 op, 38583.00 ns, 2.3549 ns/op
OverheadWarmup   7: 16384 op, 38500.00 ns, 2.3499 ns/op
OverheadWarmup   8: 16384 op, 38417.00 ns, 2.3448 ns/op
OverheadWarmup   9: 16384 op, 38459.00 ns, 2.3474 ns/op
OverheadWarmup  10: 16384 op, 38167.00 ns, 2.3295 ns/op

OverheadActual   1: 16384 op, 38541.00 ns, 2.3524 ns/op
OverheadActual   2: 16384 op, 38541.00 ns, 2.3524 ns/op
OverheadActual   3: 16384 op, 39125.00 ns, 2.3880 ns/op
OverheadActual   4: 16384 op, 38458.00 ns, 2.3473 ns/op
OverheadActual   5: 16384 op, 38500.00 ns, 2.3499 ns/op
OverheadActual   6: 16384 op, 38417.00 ns, 2.3448 ns/op
OverheadActual   7: 16384 op, 38667.00 ns, 2.3600 ns/op
OverheadActual   8: 16384 op, 38208.00 ns, 2.3320 ns/op
OverheadActual   9: 16384 op, 38542.00 ns, 2.3524 ns/op
OverheadActual  10: 16384 op, 38500.00 ns, 2.3499 ns/op
OverheadActual  11: 16384 op, 39250.00 ns, 2.3956 ns/op
OverheadActual  12: 16384 op, 38792.00 ns, 2.3677 ns/op
OverheadActual  13: 16384 op, 37208.00 ns, 2.2710 ns/op
OverheadActual  14: 16384 op, 37291.00 ns, 2.2761 ns/op
OverheadActual  15: 16384 op, 37375.00 ns, 2.2812 ns/op

WorkloadWarmup   1: 16384 op, 515338916.00 ns, 31.4538 us/op
WorkloadWarmup   2: 16384 op, 514805833.00 ns, 31.4213 us/op
WorkloadWarmup   3: 16384 op, 515368166.00 ns, 31.4556 us/op

// BeforeActualRun
WorkloadActual   1: 16384 op, 520392208.00 ns, 31.7622 us/op
WorkloadActual   2: 16384 op, 517307875.00 ns, 31.5740 us/op
WorkloadActual   3: 16384 op, 516728666.00 ns, 31.5386 us/op

// AfterActualRun
WorkloadResult   1: 16384 op, 520353708.00 ns, 31.7599 us/op
WorkloadResult   2: 16384 op, 517269375.00 ns, 31.5716 us/op
WorkloadResult   3: 16384 op, 516690166.00 ns, 31.5363 us/op
// GC:  118 10 0 742916096 16384
// Threading:  0 0 16384

// AfterAll
// Benchmark Process 94948 has exited with code 0.

Mean = 31.623 μs, StdErr = 0.069 μs (0.22%), N = 3, StdDev = 0.120 μs
Min = 31.536 μs, Q1 = 31.554 μs, Median = 31.572 μs, Q3 = 31.666 μs, Max = 31.760 μs
IQR = 0.112 μs, LowerFence = 31.386 μs, UpperFence = 31.833 μs
ConfidenceInterval = [29.430 μs; 33.815 μs] (CI 99.9%), Margin = 2.193 μs (6.93% of Mean)
Skewness = 0.35, Kurtosis = 0.67, MValue = 2

// ** Remained 6 (60.0%) benchmark(s) to run. Estimated finish 2026-04-04 1:05 (0h 0m from now) **
// **************************
// Benchmark: TileBuilderBenchmarks.'LineString (5 pts)': ShortRun(IterationCount=3, LaunchCount=1, WarmupCount=3)
// *** Execute ***
// Launch: 1 / 1
// Execute: dotnet MvtNet.Benchmarks-ShortRun-1.dll --anonymousPipes 129 130 --benchmarkName MvtNet.Benchmarks.TileBuilderBenchmarks.LineString5 --job ShortRun --benchmarkId 4 in /Users/bjornandersson/dev/com.bson/dotnet/MvtNet/MvtNet.Benchmarks/bin/Release/net10.0/MvtNet.Benchmarks-ShortRun-1/bin/Release/net10.0
// Failed to set up high priority (Permission denied). In order to run benchmarks with high priority, make sure you have the right permissions.
// BeforeAnythingElse

// Benchmark Process Environment Information:
// BenchmarkDotNet v0.15.8
// Runtime=.NET 10.0.5 (10.0.5, 10.0.526.15411), Arm64 RyuJIT armv8.0-a
// GC=Concurrent Workstation
// HardwareIntrinsics=ArmBase+AdvSimd,AES,CRC32,DP,RDM,SHA1,SHA256 VectorSize=128
// Job: ShortRun(IterationCount=3, LaunchCount=1, WarmupCount=3)

OverheadJitting  1: 1 op, 114375.00 ns, 114.3750 us/op
WorkloadJitting  1: 1 op, 8830083.00 ns, 8.8301 ms/op

OverheadJitting  2: 16 op, 386875.00 ns, 24.1797 us/op
WorkloadJitting  2: 16 op, 399333.00 ns, 24.9583 us/op

WorkloadPilot    1: 16 op, 67917.00 ns, 4.2448 us/op
WorkloadPilot    2: 32 op, 119375.00 ns, 3.7305 us/op
WorkloadPilot    3: 64 op, 237750.00 ns, 3.7148 us/op
WorkloadPilot    4: 128 op, 501041.00 ns, 3.9144 us/op
WorkloadPilot    5: 256 op, 1006625.00 ns, 3.9321 us/op
WorkloadPilot    6: 512 op, 2102541.00 ns, 4.1065 us/op
WorkloadPilot    7: 1024 op, 4123542.00 ns, 4.0269 us/op
WorkloadPilot    8: 2048 op, 8804375.00 ns, 4.2990 us/op
WorkloadPilot    9: 4096 op, 17002917.00 ns, 4.1511 us/op
WorkloadPilot   10: 8192 op, 32415000.00 ns, 3.9569 us/op
WorkloadPilot   11: 16384 op, 63063125.00 ns, 3.8491 us/op
WorkloadPilot   12: 32768 op, 73318083.00 ns, 2.2375 us/op
WorkloadPilot   13: 65536 op, 64314833.00 ns, 981.3665 ns/op
WorkloadPilot   14: 131072 op, 97335667.00 ns, 742.6122 ns/op
WorkloadPilot   15: 262144 op, 195232875.00 ns, 744.7543 ns/op
WorkloadPilot   16: 524288 op, 388619042.00 ns, 741.2320 ns/op
WorkloadPilot   17: 1048576 op, 778122750.00 ns, 742.0757 ns/op

OverheadWarmup   1: 1048576 op, 2403667.00 ns, 2.2923 ns/op
OverheadWarmup   2: 1048576 op, 2296041.00 ns, 2.1897 ns/op
OverheadWarmup   3: 1048576 op, 2314167.00 ns, 2.2070 ns/op
OverheadWarmup   4: 1048576 op, 2297541.00 ns, 2.1911 ns/op
OverheadWarmup   5: 1048576 op, 2330750.00 ns, 2.2228 ns/op
OverheadWarmup   6: 1048576 op, 2318791.00 ns, 2.2114 ns/op

OverheadActual   1: 1048576 op, 2303500.00 ns, 2.1968 ns/op
OverheadActual   2: 1048576 op, 2351208.00 ns, 2.2423 ns/op
OverheadActual   3: 1048576 op, 2370958.00 ns, 2.2611 ns/op
OverheadActual   4: 1048576 op, 2401292.00 ns, 2.2901 ns/op
OverheadActual   5: 1048576 op, 2394500.00 ns, 2.2836 ns/op
OverheadActual   6: 1048576 op, 2378250.00 ns, 2.2681 ns/op
OverheadActual   7: 1048576 op, 2358333.00 ns, 2.2491 ns/op
OverheadActual   8: 1048576 op, 2302542.00 ns, 2.1959 ns/op
OverheadActual   9: 1048576 op, 2299792.00 ns, 2.1933 ns/op
OverheadActual  10: 1048576 op, 2353375.00 ns, 2.2444 ns/op
OverheadActual  11: 1048576 op, 2362750.00 ns, 2.2533 ns/op
OverheadActual  12: 1048576 op, 2370625.00 ns, 2.2608 ns/op
OverheadActual  13: 1048576 op, 2448667.00 ns, 2.3352 ns/op
OverheadActual  14: 1048576 op, 2369584.00 ns, 2.2598 ns/op
OverheadActual  15: 1048576 op, 2295958.00 ns, 2.1896 ns/op

WorkloadWarmup   1: 1048576 op, 779536958.00 ns, 743.4244 ns/op
WorkloadWarmup   2: 1048576 op, 785478833.00 ns, 749.0910 ns/op
WorkloadWarmup   3: 1048576 op, 780295584.00 ns, 744.1479 ns/op

// BeforeActualRun
WorkloadActual   1: 1048576 op, 781694417.00 ns, 745.4819 ns/op
WorkloadActual   2: 1048576 op, 778730584.00 ns, 742.6554 ns/op
WorkloadActual   3: 1048576 op, 778360000.00 ns, 742.3019 ns/op

// AfterActualRun
WorkloadResult   1: 1048576 op, 779331667.00 ns, 743.2286 ns/op
WorkloadResult   2: 1048576 op, 776367834.00 ns, 740.4021 ns/op
WorkloadResult   3: 1048576 op, 775997250.00 ns, 740.0486 ns/op
// GC:  382 1 0 2399141888 1048576
// Threading:  0 0 1048576

// AfterAll
// Benchmark Process 94966 has exited with code 0.

Mean = 741.226 ns, StdErr = 1.006 ns (0.14%), N = 3, StdDev = 1.743 ns
Min = 740.049 ns, Q1 = 740.225 ns, Median = 740.402 ns, Q3 = 741.815 ns, Max = 743.229 ns
IQR = 1.590 ns, LowerFence = 737.840 ns, UpperFence = 744.200 ns
ConfidenceInterval = [709.429 ns; 773.023 ns] (CI 99.9%), Margin = 31.797 ns (4.29% of Mean)
Skewness = 0.37, Kurtosis = 0.67, MValue = 2

// ** Remained 5 (50.0%) benchmark(s) to run. Estimated finish 2026-04-04 1:05 (0h 0m from now) **
// **************************
// Benchmark: TileBuilderBenchmarks.'Polygon (4 pts)': ShortRun(IterationCount=3, LaunchCount=1, WarmupCount=3)
// *** Execute ***
// Launch: 1 / 1
// Execute: dotnet MvtNet.Benchmarks-ShortRun-1.dll --anonymousPipes 129 130 --benchmarkName MvtNet.Benchmarks.TileBuilderBenchmarks.Polygon4 --job ShortRun --benchmarkId 5 in /Users/bjornandersson/dev/com.bson/dotnet/MvtNet/MvtNet.Benchmarks/bin/Release/net10.0/MvtNet.Benchmarks-ShortRun-1/bin/Release/net10.0
// Failed to set up high priority (Permission denied). In order to run benchmarks with high priority, make sure you have the right permissions.
// BeforeAnythingElse

// Benchmark Process Environment Information:
// BenchmarkDotNet v0.15.8
// Runtime=.NET 10.0.5 (10.0.5, 10.0.526.15411), Arm64 RyuJIT armv8.0-a
// GC=Concurrent Workstation
// HardwareIntrinsics=ArmBase+AdvSimd,AES,CRC32,DP,RDM,SHA1,SHA256 VectorSize=128
// Job: ShortRun(IterationCount=3, LaunchCount=1, WarmupCount=3)

OverheadJitting  1: 1 op, 122209.00 ns, 122.2090 us/op
WorkloadJitting  1: 1 op, 8160959.00 ns, 8.1610 ms/op

OverheadJitting  2: 16 op, 375667.00 ns, 23.4792 us/op
WorkloadJitting  2: 16 op, 392750.00 ns, 24.5469 us/op

WorkloadPilot    1: 16 op, 66750.00 ns, 4.1719 us/op
WorkloadPilot    2: 32 op, 99708.00 ns, 3.1159 us/op
WorkloadPilot    3: 64 op, 190750.00 ns, 2.9805 us/op
WorkloadPilot    4: 128 op, 415125.00 ns, 3.2432 us/op
WorkloadPilot    5: 256 op, 866916.00 ns, 3.3864 us/op
WorkloadPilot    6: 512 op, 1783292.00 ns, 3.4830 us/op
WorkloadPilot    7: 1024 op, 3437833.00 ns, 3.3573 us/op
WorkloadPilot    8: 2048 op, 7154042.00 ns, 3.4932 us/op
WorkloadPilot    9: 4096 op, 14279625.00 ns, 3.4862 us/op
WorkloadPilot   10: 8192 op, 27326334.00 ns, 3.3357 us/op
WorkloadPilot   11: 16384 op, 52990583.00 ns, 3.2343 us/op
WorkloadPilot   12: 32768 op, 76258375.00 ns, 2.3272 us/op
WorkloadPilot   13: 65536 op, 46755042.00 ns, 713.4253 ns/op
WorkloadPilot   14: 131072 op, 102509959.00 ns, 782.0889 ns/op
WorkloadPilot   15: 262144 op, 171783375.00 ns, 655.3016 ns/op
WorkloadPilot   16: 524288 op, 354372125.00 ns, 675.9112 ns/op
WorkloadPilot   17: 1048576 op, 692018500.00 ns, 659.9603 ns/op

OverheadWarmup   1: 1048576 op, 2378875.00 ns, 2.2687 ns/op
OverheadWarmup   2: 1048576 op, 2298375.00 ns, 2.1919 ns/op
OverheadWarmup   3: 1048576 op, 2298458.00 ns, 2.1920 ns/op
OverheadWarmup   4: 1048576 op, 2298458.00 ns, 2.1920 ns/op
OverheadWarmup   5: 1048576 op, 2298292.00 ns, 2.1918 ns/op
OverheadWarmup   6: 1048576 op, 2368334.00 ns, 2.2586 ns/op

OverheadActual   1: 1048576 op, 2386042.00 ns, 2.2755 ns/op
OverheadActual   2: 1048576 op, 2385375.00 ns, 2.2749 ns/op
OverheadActual   3: 1048576 op, 2370958.00 ns, 2.2611 ns/op
OverheadActual   4: 1048576 op, 2373667.00 ns, 2.2637 ns/op
OverheadActual   5: 1048576 op, 2389791.00 ns, 2.2791 ns/op
OverheadActual   6: 1048576 op, 2383833.00 ns, 2.2734 ns/op
OverheadActual   7: 1048576 op, 2379916.00 ns, 2.2697 ns/op
OverheadActual   8: 1048576 op, 2419083.00 ns, 2.3070 ns/op
OverheadActual   9: 1048576 op, 2414500.00 ns, 2.3026 ns/op
OverheadActual  10: 1048576 op, 2444250.00 ns, 2.3310 ns/op
OverheadActual  11: 1048576 op, 2380875.00 ns, 2.2706 ns/op
OverheadActual  12: 1048576 op, 2346708.00 ns, 2.2380 ns/op
OverheadActual  13: 1048576 op, 2383750.00 ns, 2.2733 ns/op
OverheadActual  14: 1048576 op, 2368084.00 ns, 2.2584 ns/op
OverheadActual  15: 1048576 op, 2423875.00 ns, 2.3116 ns/op

WorkloadWarmup   1: 1048576 op, 693812292.00 ns, 661.6710 ns/op
WorkloadWarmup   2: 1048576 op, 693532333.00 ns, 661.4040 ns/op
WorkloadWarmup   3: 1048576 op, 692554208.00 ns, 660.4712 ns/op

// BeforeActualRun
WorkloadActual   1: 1048576 op, 694437333.00 ns, 662.2670 ns/op
WorkloadActual   2: 1048576 op, 693520708.00 ns, 661.3929 ns/op
WorkloadActual   3: 1048576 op, 693068834.00 ns, 660.9619 ns/op

// AfterActualRun
WorkloadResult   1: 1048576 op, 692053500.00 ns, 659.9936 ns/op
WorkloadResult   2: 1048576 op, 691136875.00 ns, 659.1195 ns/op
WorkloadResult   3: 1048576 op, 690685001.00 ns, 658.6885 ns/op
// GC:  324 1 0 2038431744 1048576
// Threading:  0 0 1048576

// AfterAll
// Benchmark Process 94990 has exited with code 0.

Mean = 659.267 ns, StdErr = 0.384 ns (0.06%), N = 3, StdDev = 0.665 ns
Min = 658.689 ns, Q1 = 658.904 ns, Median = 659.119 ns, Q3 = 659.557 ns, Max = 659.994 ns
IQR = 0.653 ns, LowerFence = 657.925 ns, UpperFence = 660.535 ns
ConfidenceInterval = [647.136 ns; 671.399 ns] (CI 99.9%), Margin = 12.132 ns (1.84% of Mean)
Skewness = 0.21, Kurtosis = 0.67, MValue = 2

// ** Remained 4 (40.0%) benchmark(s) to run. Estimated finish 2026-04-04 1:05 (0h 0m from now) **
// **************************
// Benchmark: TileBuilderBenchmarks.'Mixed tile (realistic)': ShortRun(IterationCount=3, LaunchCount=1, WarmupCount=3)
// *** Execute ***
// Launch: 1 / 1
// Execute: dotnet MvtNet.Benchmarks-ShortRun-1.dll --anonymousPipes 129 130 --benchmarkName MvtNet.Benchmarks.TileBuilderBenchmarks.MixedTile --job ShortRun --benchmarkId 6 in /Users/bjornandersson/dev/com.bson/dotnet/MvtNet/MvtNet.Benchmarks/bin/Release/net10.0/MvtNet.Benchmarks-ShortRun-1/bin/Release/net10.0
// Failed to set up high priority (Permission denied). In order to run benchmarks with high priority, make sure you have the right permissions.
// BeforeAnythingElse

// Benchmark Process Environment Information:
// BenchmarkDotNet v0.15.8
// Runtime=.NET 10.0.5 (10.0.5, 10.0.526.15411), Arm64 RyuJIT armv8.0-a
// GC=Concurrent Workstation
// HardwareIntrinsics=ArmBase+AdvSimd,AES,CRC32,DP,RDM,SHA1,SHA256 VectorSize=128
// Job: ShortRun(IterationCount=3, LaunchCount=1, WarmupCount=3)

OverheadJitting  1: 1 op, 121125.00 ns, 121.1250 us/op
WorkloadJitting  1: 1 op, 11193708.00 ns, 11.1937 ms/op

OverheadJitting  2: 16 op, 410458.00 ns, 25.6536 us/op
WorkloadJitting  2: 16 op, 679167.00 ns, 42.4479 us/op

WorkloadPilot    1: 16 op, 276417.00 ns, 17.2761 us/op
WorkloadPilot    2: 32 op, 570375.00 ns, 17.8242 us/op
WorkloadPilot    3: 64 op, 1169541.00 ns, 18.2741 us/op
WorkloadPilot    4: 128 op, 2268458.00 ns, 17.7223 us/op
WorkloadPilot    5: 256 op, 4744000.00 ns, 18.5313 us/op
WorkloadPilot    6: 512 op, 9616958.00 ns, 18.7831 us/op
WorkloadPilot    7: 1024 op, 19138416.00 ns, 18.6899 us/op
WorkloadPilot    8: 2048 op, 36944750.00 ns, 18.0394 us/op
WorkloadPilot    9: 4096 op, 79139917.00 ns, 19.3213 us/op
WorkloadPilot   10: 8192 op, 56120375.00 ns, 6.8506 us/op
WorkloadPilot   11: 16384 op, 55472083.00 ns, 3.3857 us/op
WorkloadPilot   12: 32768 op, 104762500.00 ns, 3.1971 us/op
WorkloadPilot   13: 65536 op, 210068625.00 ns, 3.2054 us/op
WorkloadPilot   14: 131072 op, 437543958.00 ns, 3.3382 us/op
WorkloadPilot   15: 262144 op, 838677291.00 ns, 3.1993 us/op

OverheadWarmup   1: 262144 op, 597750.00 ns, 2.2802 ns/op
OverheadWarmup   2: 262144 op, 607750.00 ns, 2.3184 ns/op
OverheadWarmup   3: 262144 op, 599083.00 ns, 2.2853 ns/op
OverheadWarmup   4: 262144 op, 654750.00 ns, 2.4977 ns/op
OverheadWarmup   5: 262144 op, 592209.00 ns, 2.2591 ns/op

OverheadActual   1: 262144 op, 578875.00 ns, 2.2082 ns/op
OverheadActual   2: 262144 op, 581166.00 ns, 2.2170 ns/op
OverheadActual   3: 262144 op, 594333.00 ns, 2.2672 ns/op
OverheadActual   4: 262144 op, 645583.00 ns, 2.4627 ns/op
OverheadActual   5: 262144 op, 576208.00 ns, 2.1981 ns/op
OverheadActual   6: 262144 op, 581375.00 ns, 2.2178 ns/op
OverheadActual   7: 262144 op, 602416.00 ns, 2.2980 ns/op
OverheadActual   8: 262144 op, 576041.00 ns, 2.1974 ns/op
OverheadActual   9: 262144 op, 577333.00 ns, 2.2024 ns/op
OverheadActual  10: 262144 op, 591375.00 ns, 2.2559 ns/op
OverheadActual  11: 262144 op, 581291.00 ns, 2.2174 ns/op
OverheadActual  12: 262144 op, 646583.00 ns, 2.4665 ns/op
OverheadActual  13: 262144 op, 579167.00 ns, 2.2093 ns/op
OverheadActual  14: 262144 op, 576042.00 ns, 2.1974 ns/op
OverheadActual  15: 262144 op, 578500.00 ns, 2.2068 ns/op

WorkloadWarmup   1: 262144 op, 838172125.00 ns, 3.1974 us/op
WorkloadWarmup   2: 262144 op, 837798083.00 ns, 3.1959 us/op
WorkloadWarmup   3: 262144 op, 846078292.00 ns, 3.2275 us/op

// BeforeActualRun
WorkloadActual   1: 262144 op, 841967000.00 ns, 3.2118 us/op
WorkloadActual   2: 262144 op, 838866334.00 ns, 3.2000 us/op
WorkloadActual   3: 262144 op, 839932167.00 ns, 3.2041 us/op

// AfterActualRun
WorkloadResult   1: 262144 op, 841385834.00 ns, 3.2096 us/op
WorkloadResult   2: 262144 op, 838285168.00 ns, 3.1978 us/op
WorkloadResult   3: 262144 op, 839351001.00 ns, 3.2019 us/op
// GC:  315 5 0 1981808640 262144
// Threading:  0 0 262144

// AfterAll
// Benchmark Process 95017 has exited with code 0.

Mean = 3.203 μs, StdErr = 0.003 μs (0.11%), N = 3, StdDev = 0.006 μs
Min = 3.198 μs, Q1 = 3.200 μs, Median = 3.202 μs, Q3 = 3.206 μs, Max = 3.210 μs
IQR = 0.006 μs, LowerFence = 3.191 μs, UpperFence = 3.215 μs
ConfidenceInterval = [3.093 μs; 3.313 μs] (CI 99.9%), Margin = 0.110 μs (3.42% of Mean)
Skewness = 0.2, Kurtosis = 0.67, MValue = 2

// ** Remained 3 (30.0%) benchmark(s) to run. Estimated finish 2026-04-04 1:05 (0h 0m from now) **
// **************************
// Benchmark: TileBuilderBenchmarks.'LineString (3000 pts, 200km, zoomed in)': ShortRun(IterationCount=3, LaunchCount=1, WarmupCount=3)
// *** Execute ***
// Launch: 1 / 1
// Execute: dotnet MvtNet.Benchmarks-ShortRun-1.dll --anonymousPipes 129 130 --benchmarkName MvtNet.Benchmarks.TileBuilderBenchmarks.LongLineStringZoomedIn --job ShortRun --benchmarkId 7 in /Users/bjornandersson/dev/com.bson/dotnet/MvtNet/MvtNet.Benchmarks/bin/Release/net10.0/MvtNet.Benchmarks-ShortRun-1/bin/Release/net10.0
// Failed to set up high priority (Permission denied). In order to run benchmarks with high priority, make sure you have the right permissions.
// BeforeAnythingElse

// Benchmark Process Environment Information:
// BenchmarkDotNet v0.15.8
// Runtime=.NET 10.0.5 (10.0.5, 10.0.526.15411), Arm64 RyuJIT armv8.0-a
// GC=Concurrent Workstation
// HardwareIntrinsics=ArmBase+AdvSimd,AES,CRC32,DP,RDM,SHA1,SHA256 VectorSize=128
// Job: ShortRun(IterationCount=3, LaunchCount=1, WarmupCount=3)

OverheadJitting  1: 1 op, 126541.00 ns, 126.5410 us/op
WorkloadJitting  1: 1 op, 8435458.00 ns, 8.4355 ms/op

OverheadJitting  2: 16 op, 363583.00 ns, 22.7239 us/op
WorkloadJitting  2: 16 op, 5052750.00 ns, 315.7969 us/op

WorkloadPilot    1: 16 op, 2222583.00 ns, 138.9114 us/op
WorkloadPilot    2: 32 op, 4397792.00 ns, 137.4310 us/op
WorkloadPilot    3: 64 op, 8383417.00 ns, 130.9909 us/op
WorkloadPilot    4: 128 op, 16596667.00 ns, 129.6615 us/op
WorkloadPilot    5: 256 op, 33019792.00 ns, 128.9836 us/op
WorkloadPilot    6: 512 op, 66111042.00 ns, 129.1231 us/op
WorkloadPilot    7: 1024 op, 72320917.00 ns, 70.6259 us/op
WorkloadPilot    8: 2048 op, 115170833.00 ns, 56.2358 us/op
WorkloadPilot    9: 4096 op, 230738125.00 ns, 56.3326 us/op
WorkloadPilot   10: 8192 op, 459124083.00 ns, 56.0454 us/op
WorkloadPilot   11: 16384 op, 922327542.00 ns, 56.2944 us/op

OverheadWarmup   1: 16384 op, 38375.00 ns, 2.3422 ns/op
OverheadWarmup   2: 16384 op, 36625.00 ns, 2.2354 ns/op
OverheadWarmup   3: 16384 op, 39125.00 ns, 2.3880 ns/op
OverheadWarmup   4: 16384 op, 38667.00 ns, 2.3600 ns/op
OverheadWarmup   5: 16384 op, 39375.00 ns, 2.4033 ns/op
OverheadWarmup   6: 16384 op, 38875.00 ns, 2.3727 ns/op

OverheadActual   1: 16384 op, 39000.00 ns, 2.3804 ns/op
OverheadActual   2: 16384 op, 39084.00 ns, 2.3855 ns/op
OverheadActual   3: 16384 op, 38875.00 ns, 2.3727 ns/op
OverheadActual   4: 16384 op, 38500.00 ns, 2.3499 ns/op
OverheadActual   5: 16384 op, 38541.00 ns, 2.3524 ns/op
OverheadActual   6: 16384 op, 39333.00 ns, 2.4007 ns/op
OverheadActual   7: 16384 op, 39125.00 ns, 2.3880 ns/op
OverheadActual   8: 16384 op, 38875.00 ns, 2.3727 ns/op
OverheadActual   9: 16384 op, 39333.00 ns, 2.4007 ns/op
OverheadActual  10: 16384 op, 39416.00 ns, 2.4058 ns/op
OverheadActual  11: 16384 op, 39334.00 ns, 2.4008 ns/op
OverheadActual  12: 16384 op, 38917.00 ns, 2.3753 ns/op
OverheadActual  13: 16384 op, 39125.00 ns, 2.3880 ns/op
OverheadActual  14: 16384 op, 38542.00 ns, 2.3524 ns/op
OverheadActual  15: 16384 op, 39458.00 ns, 2.4083 ns/op

WorkloadWarmup   1: 16384 op, 923257750.00 ns, 56.3512 us/op
WorkloadWarmup   2: 16384 op, 922719458.00 ns, 56.3183 us/op
WorkloadWarmup   3: 16384 op, 921760500.00 ns, 56.2598 us/op

// BeforeActualRun
WorkloadActual   1: 16384 op, 920011375.00 ns, 56.1530 us/op
WorkloadActual   2: 16384 op, 933732792.00 ns, 56.9905 us/op
WorkloadActual   3: 16384 op, 914234042.00 ns, 55.8004 us/op

// AfterActualRun
WorkloadResult   1: 16384 op, 919972291.00 ns, 56.1507 us/op
WorkloadResult   2: 16384 op, 933693708.00 ns, 56.9881 us/op
WorkloadResult   3: 16384 op, 914194958.00 ns, 55.7980 us/op
// GC:  66 0 0 417857536 16384
// Threading:  0 0 16384

// AfterAll
// Benchmark Process 95049 has exited with code 0.

Mean = 56.312 μs, StdErr = 0.353 μs (0.63%), N = 3, StdDev = 0.611 μs
Min = 55.798 μs, Q1 = 55.974 μs, Median = 56.151 μs, Q3 = 56.569 μs, Max = 56.988 μs
IQR = 0.595 μs, LowerFence = 55.082 μs, UpperFence = 57.462 μs
ConfidenceInterval = [45.160 μs; 67.465 μs] (CI 99.9%), Margin = 11.152 μs (19.80% of Mean)
Skewness = 0.25, Kurtosis = 0.67, MValue = 2

// ** Remained 2 (20.0%) benchmark(s) to run. Estimated finish 2026-04-04 1:05 (0h 0m from now) **
// **************************
// Benchmark: TileBuilderBenchmarks.'LineString (3000 pts, 200km, zoomed out)': ShortRun(IterationCount=3, LaunchCount=1, WarmupCount=3)
// *** Execute ***
// Launch: 1 / 1
// Execute: dotnet MvtNet.Benchmarks-ShortRun-1.dll --anonymousPipes 102 103 --benchmarkName MvtNet.Benchmarks.TileBuilderBenchmarks.LongLineStringZoomedOut --job ShortRun --benchmarkId 8 in /Users/bjornandersson/dev/com.bson/dotnet/MvtNet/MvtNet.Benchmarks/bin/Release/net10.0/MvtNet.Benchmarks-ShortRun-1/bin/Release/net10.0
// Failed to set up high priority (Permission denied). In order to run benchmarks with high priority, make sure you have the right permissions.
// BeforeAnythingElse

// Benchmark Process Environment Information:
// BenchmarkDotNet v0.15.8
// Runtime=.NET 10.0.5 (10.0.5, 10.0.526.15411), Arm64 RyuJIT armv8.0-a
// GC=Concurrent Workstation
// HardwareIntrinsics=ArmBase+AdvSimd,AES,CRC32,DP,RDM,SHA1,SHA256 VectorSize=128
// Job: ShortRun(IterationCount=3, LaunchCount=1, WarmupCount=3)

OverheadJitting  1: 1 op, 108916.00 ns, 108.9160 us/op
WorkloadJitting  1: 1 op, 9423625.00 ns, 9.4236 ms/op

OverheadJitting  2: 16 op, 371375.00 ns, 23.2109 us/op
WorkloadJitting  2: 16 op, 8899000.00 ns, 556.1875 us/op

WorkloadPilot    1: 16 op, 4734834.00 ns, 295.9271 us/op
WorkloadPilot    2: 32 op, 9247417.00 ns, 288.9818 us/op
WorkloadPilot    3: 64 op, 17500458.00 ns, 273.4447 us/op
WorkloadPilot    4: 128 op, 34960000.00 ns, 273.1250 us/op
WorkloadPilot    5: 256 op, 68346333.00 ns, 266.9779 us/op
WorkloadPilot    6: 512 op, 131917875.00 ns, 257.6521 us/op
WorkloadPilot    7: 1024 op, 93230250.00 ns, 91.0452 us/op
WorkloadPilot    8: 2048 op, 173544000.00 ns, 84.7383 us/op
WorkloadPilot    9: 4096 op, 343438958.00 ns, 83.8474 us/op
WorkloadPilot   10: 8192 op, 687397375.00 ns, 83.9108 us/op

OverheadWarmup   1: 8192 op, 21250.00 ns, 2.5940 ns/op
OverheadWarmup   2: 8192 op, 19500.00 ns, 2.3804 ns/op
OverheadWarmup   3: 8192 op, 19459.00 ns, 2.3754 ns/op
OverheadWarmup   4: 8192 op, 19708.00 ns, 2.4058 ns/op
OverheadWarmup   5: 8192 op, 19541.00 ns, 2.3854 ns/op
OverheadWarmup   6: 8192 op, 19584.00 ns, 2.3906 ns/op
OverheadWarmup   7: 8192 op, 19375.00 ns, 2.3651 ns/op

OverheadActual   1: 8192 op, 18875.00 ns, 2.3041 ns/op
OverheadActual   2: 8192 op, 19291.00 ns, 2.3549 ns/op
OverheadActual   3: 8192 op, 18750.00 ns, 2.2888 ns/op
OverheadActual   4: 8192 op, 18834.00 ns, 2.2991 ns/op
OverheadActual   5: 8192 op, 18875.00 ns, 2.3041 ns/op
OverheadActual   6: 8192 op, 18958.00 ns, 2.3142 ns/op
OverheadActual   7: 8192 op, 18792.00 ns, 2.2939 ns/op
OverheadActual   8: 8192 op, 18792.00 ns, 2.2939 ns/op
OverheadActual   9: 8192 op, 18834.00 ns, 2.2991 ns/op
OverheadActual  10: 8192 op, 19042.00 ns, 2.3245 ns/op
OverheadActual  11: 8192 op, 18792.00 ns, 2.2939 ns/op
OverheadActual  12: 8192 op, 18708.00 ns, 2.2837 ns/op
OverheadActual  13: 8192 op, 19000.00 ns, 2.3193 ns/op
OverheadActual  14: 8192 op, 19083.00 ns, 2.3295 ns/op
OverheadActual  15: 8192 op, 18875.00 ns, 2.3041 ns/op

WorkloadWarmup   1: 8192 op, 689062791.00 ns, 84.1141 us/op
WorkloadWarmup   2: 8192 op, 689586709.00 ns, 84.1781 us/op
WorkloadWarmup   3: 8192 op, 689779083.00 ns, 84.2015 us/op

// BeforeActualRun
WorkloadActual   1: 8192 op, 690145791.00 ns, 84.2463 us/op
WorkloadActual   2: 8192 op, 689280458.00 ns, 84.1407 us/op
WorkloadActual   3: 8192 op, 694117458.00 ns, 84.7311 us/op

// AfterActualRun
WorkloadResult   1: 8192 op, 690126916.00 ns, 84.2440 us/op
WorkloadResult   2: 8192 op, 689261583.00 ns, 84.1384 us/op
WorkloadResult   3: 8192 op, 694098583.00 ns, 84.7288 us/op
// GC:  119 14 0 751042560 8192
// Threading:  0 0 8192

// AfterAll
// Benchmark Process 95092 has exited with code 0.

Mean = 84.370 μs, StdErr = 0.182 μs (0.22%), N = 3, StdDev = 0.315 μs
Min = 84.138 μs, Q1 = 84.191 μs, Median = 84.244 μs, Q3 = 84.486 μs, Max = 84.729 μs
IQR = 0.295 μs, LowerFence = 83.748 μs, UpperFence = 84.929 μs
ConfidenceInterval = [78.626 μs; 90.115 μs] (CI 99.9%), Margin = 5.744 μs (6.81% of Mean)
Skewness = 0.34, Kurtosis = 0.67, MValue = 2

// ** Remained 1 (10.0%) benchmark(s) to run. Estimated finish 2026-04-04 1:05 (0h 0m from now) **
// **************************
// Benchmark: TileBuilderBenchmarks.'Point outside tile (skip)': ShortRun(IterationCount=3, LaunchCount=1, WarmupCount=3)
// *** Execute ***
// Launch: 1 / 1
// Execute: dotnet MvtNet.Benchmarks-ShortRun-1.dll --anonymousPipes 102 103 --benchmarkName MvtNet.Benchmarks.TileBuilderBenchmarks.PointOutsideTile --job ShortRun --benchmarkId 9 in /Users/bjornandersson/dev/com.bson/dotnet/MvtNet/MvtNet.Benchmarks/bin/Release/net10.0/MvtNet.Benchmarks-ShortRun-1/bin/Release/net10.0
// Failed to set up high priority (Permission denied). In order to run benchmarks with high priority, make sure you have the right permissions.
// BeforeAnythingElse

// Benchmark Process Environment Information:
// BenchmarkDotNet v0.15.8
// Runtime=.NET 10.0.5 (10.0.5, 10.0.526.15411), Arm64 RyuJIT armv8.0-a
// GC=Concurrent Workstation
// HardwareIntrinsics=ArmBase+AdvSimd,AES,CRC32,DP,RDM,SHA1,SHA256 VectorSize=128
// Job: ShortRun(IterationCount=3, LaunchCount=1, WarmupCount=3)

OverheadJitting  1: 1 op, 105875.00 ns, 105.8750 us/op
WorkloadJitting  1: 1 op, 6998583.00 ns, 6.9986 ms/op

OverheadJitting  2: 16 op, 338375.00 ns, 21.1484 us/op
WorkloadJitting  2: 16 op, 340958.00 ns, 21.3099 us/op

WorkloadPilot    1: 16 op, 38250.00 ns, 2.3906 us/op
WorkloadPilot    2: 32 op, 49542.00 ns, 1.5482 us/op
WorkloadPilot    3: 64 op, 95292.00 ns, 1.4889 us/op
WorkloadPilot    4: 128 op, 181041.00 ns, 1.4144 us/op
WorkloadPilot    5: 256 op, 430000.00 ns, 1.6797 us/op
WorkloadPilot    6: 512 op, 700917.00 ns, 1.3690 us/op
WorkloadPilot    7: 1024 op, 1431375.00 ns, 1.3978 us/op
WorkloadPilot    8: 2048 op, 3027417.00 ns, 1.4782 us/op
WorkloadPilot    9: 4096 op, 5994583.00 ns, 1.4635 us/op
WorkloadPilot   10: 8192 op, 12082041.00 ns, 1.4749 us/op
WorkloadPilot   11: 16384 op, 23083750.00 ns, 1.4089 us/op
WorkloadPilot   12: 32768 op, 45391417.00 ns, 1.3852 us/op
WorkloadPilot   13: 65536 op, 78451458.00 ns, 1.1971 us/op
WorkloadPilot   14: 131072 op, 52173000.00 ns, 398.0484 ns/op
WorkloadPilot   15: 262144 op, 97820291.00 ns, 373.1548 ns/op
WorkloadPilot   16: 524288 op, 195495000.00 ns, 372.8771 ns/op
WorkloadPilot   17: 1048576 op, 410517625.00 ns, 391.5001 ns/op
WorkloadPilot   18: 2097152 op, 789284459.00 ns, 376.3602 ns/op

OverheadWarmup   1: 2097152 op, 4793709.00 ns, 2.2858 ns/op
OverheadWarmup   2: 2097152 op, 4858208.00 ns, 2.3166 ns/op
OverheadWarmup   3: 2097152 op, 4845084.00 ns, 2.3103 ns/op
OverheadWarmup   4: 2097152 op, 4786750.00 ns, 2.2825 ns/op
OverheadWarmup   5: 2097152 op, 4794791.00 ns, 2.2863 ns/op
OverheadWarmup   6: 2097152 op, 4633542.00 ns, 2.2094 ns/op

OverheadActual   1: 2097152 op, 4645541.00 ns, 2.2152 ns/op
OverheadActual   2: 2097152 op, 4672958.00 ns, 2.2282 ns/op
OverheadActual   3: 2097152 op, 4817500.00 ns, 2.2972 ns/op
OverheadActual   4: 2097152 op, 4807959.00 ns, 2.2926 ns/op
OverheadActual   5: 2097152 op, 4792625.00 ns, 2.2853 ns/op
OverheadActual   6: 2097152 op, 4846500.00 ns, 2.3110 ns/op
OverheadActual   7: 2097152 op, 4844291.00 ns, 2.3099 ns/op
OverheadActual   8: 2097152 op, 4924792.00 ns, 2.3483 ns/op
OverheadActual   9: 2097152 op, 4854000.00 ns, 2.3146 ns/op
OverheadActual  10: 2097152 op, 4634166.00 ns, 2.2097 ns/op
OverheadActual  11: 2097152 op, 4634000.00 ns, 2.2097 ns/op
OverheadActual  12: 2097152 op, 4646916.00 ns, 2.2158 ns/op
OverheadActual  13: 2097152 op, 4631958.00 ns, 2.2087 ns/op
OverheadActual  14: 2097152 op, 4634250.00 ns, 2.2098 ns/op
OverheadActual  15: 2097152 op, 4652750.00 ns, 2.2186 ns/op

WorkloadWarmup   1: 2097152 op, 784021084.00 ns, 373.8504 ns/op
WorkloadWarmup   2: 2097152 op, 782941334.00 ns, 373.3355 ns/op
WorkloadWarmup   3: 2097152 op, 783787084.00 ns, 373.7388 ns/op

// BeforeActualRun
WorkloadActual   1: 2097152 op, 783357500.00 ns, 373.5340 ns/op
WorkloadActual   2: 2097152 op, 783911833.00 ns, 373.7983 ns/op
WorkloadActual   3: 2097152 op, 782540917.00 ns, 373.1446 ns/op

// AfterActualRun
WorkloadResult   1: 2097152 op, 778684542.00 ns, 371.3057 ns/op
WorkloadResult   2: 2097152 op, 779238875.00 ns, 371.5701 ns/op
WorkloadResult   3: 2097152 op, 777867959.00 ns, 370.9163 ns/op
// GC:  473 1 0 2969567232 2097152
// Threading:  0 0 2097152

// AfterAll
// Benchmark Process 95120 has exited with code 0.

Mean = 371.264 ns, StdErr = 0.190 ns (0.05%), N = 3, StdDev = 0.329 ns
Min = 370.916 ns, Q1 = 371.111 ns, Median = 371.306 ns, Q3 = 371.438 ns, Max = 371.570 ns
IQR = 0.327 ns, LowerFence = 370.621 ns, UpperFence = 371.928 ns
ConfidenceInterval = [365.265 ns; 377.263 ns] (CI 99.9%), Margin = 5.999 ns (1.62% of Mean)
Skewness = -0.12, Kurtosis = 0.67, MValue = 2

// ** Remained 0 (0.0%) benchmark(s) to run. Estimated finish 2026-04-04 1:05 (0h 0m from now) **
// ***** BenchmarkRunner: Finish  *****

// * Export *
  BenchmarkDotNet.Artifacts/results/MvtNet.Benchmarks.TileBuilderBenchmarks-report.csv
  BenchmarkDotNet.Artifacts/results/MvtNet.Benchmarks.TileBuilderBenchmarks-report-github.md
  BenchmarkDotNet.Artifacts/results/MvtNet.Benchmarks.TileBuilderBenchmarks-report.html

// * Detailed results *
TileBuilderBenchmarks.'Single point': ShortRun(IterationCount=3, LaunchCount=1, WarmupCount=3)
Runtime = .NET 10.0.5 (10.0.5, 10.0.526.15411), Arm64 RyuJIT armv8.0-a; GC = Concurrent Workstation
Mean = 481.204 ns, StdErr = 0.945 ns (0.20%), N = 3, StdDev = 1.637 ns
Min = 479.340 ns, Q1 = 480.601 ns, Median = 481.862 ns, Q3 = 482.136 ns, Max = 482.410 ns
IQR = 1.535 ns, LowerFence = 478.299 ns, UpperFence = 484.438 ns
ConfidenceInterval = [451.335 ns; 511.074 ns] (CI 99.9%), Margin = 29.869 ns (6.21% of Mean)
Skewness = -0.34, Kurtosis = 0.67, MValue = 2
-------------------- Histogram --------------------
[477.850 ns ; 483.900 ns) | @@@
---------------------------------------------------

TileBuilderBenchmarks.'Point with attributes': ShortRun(IterationCount=3, LaunchCount=1, WarmupCount=3)
Runtime = .NET 10.0.5 (10.0.5, 10.0.526.15411), Arm64 RyuJIT armv8.0-a; GC = Concurrent Workstation
Mean = 962.527 ns, StdErr = 1.612 ns (0.17%), N = 3, StdDev = 2.792 ns
Min = 959.805 ns, Q1 = 961.099 ns, Median = 962.392 ns, Q3 = 963.888 ns, Max = 965.385 ns
IQR = 2.790 ns, LowerFence = 956.914 ns, UpperFence = 968.073 ns
ConfidenceInterval = [911.587 ns; 1,013.468 ns] (CI 99.9%), Margin = 50.941 ns (5.29% of Mean)
Skewness = 0.05, Kurtosis = 0.67, MValue = 2
-------------------- Histogram --------------------
[957.264 ns ; 967.926 ns) | @@@
---------------------------------------------------

TileBuilderBenchmarks.'10 points': ShortRun(IterationCount=3, LaunchCount=1, WarmupCount=3)
Runtime = .NET 10.0.5 (10.0.5, 10.0.526.15411), Arm64 RyuJIT armv8.0-a; GC = Concurrent Workstation
Mean = 3.831 μs, StdErr = 0.004 μs (0.10%), N = 3, StdDev = 0.007 μs
Min = 3.824 μs, Q1 = 3.829 μs, Median = 3.835 μs, Q3 = 3.835 μs, Max = 3.835 μs
IQR = 0.006 μs, LowerFence = 3.820 μs, UpperFence = 3.844 μs
ConfidenceInterval = [3.711 μs; 3.951 μs] (CI 99.9%), Margin = 0.120 μs (3.13% of Mean)
Skewness = -0.38, Kurtosis = 0.67, MValue = 2
-------------------- Histogram --------------------
[3.823 μs ; 3.835 μs) | @@@
---------------------------------------------------

TileBuilderBenchmarks.'100 points': ShortRun(IterationCount=3, LaunchCount=1, WarmupCount=3)
Runtime = .NET 10.0.5 (10.0.5, 10.0.526.15411), Arm64 RyuJIT armv8.0-a; GC = Concurrent Workstation
Mean = 31.623 μs, StdErr = 0.069 μs (0.22%), N = 3, StdDev = 0.120 μs
Min = 31.536 μs, Q1 = 31.554 μs, Median = 31.572 μs, Q3 = 31.666 μs, Max = 31.760 μs
IQR = 0.112 μs, LowerFence = 31.386 μs, UpperFence = 31.833 μs
ConfidenceInterval = [29.430 μs; 33.815 μs] (CI 99.9%), Margin = 2.193 μs (6.93% of Mean)
Skewness = 0.35, Kurtosis = 0.67, MValue = 2
-------------------- Histogram --------------------
[31.427 μs ; 31.869 μs) | @@@
---------------------------------------------------

TileBuilderBenchmarks.'LineString (5 pts)': ShortRun(IterationCount=3, LaunchCount=1, WarmupCount=3)
Runtime = .NET 10.0.5 (10.0.5, 10.0.526.15411), Arm64 RyuJIT armv8.0-a; GC = Concurrent Workstation
Mean = 741.226 ns, StdErr = 1.006 ns (0.14%), N = 3, StdDev = 1.743 ns
Min = 740.049 ns, Q1 = 740.225 ns, Median = 740.402 ns, Q3 = 741.815 ns, Max = 743.229 ns
IQR = 1.590 ns, LowerFence = 737.840 ns, UpperFence = 744.200 ns
ConfidenceInterval = [709.429 ns; 773.023 ns] (CI 99.9%), Margin = 31.797 ns (4.29% of Mean)
Skewness = 0.37, Kurtosis = 0.67, MValue = 2
-------------------- Histogram --------------------
[738.462 ns ; 744.815 ns) | @@@
---------------------------------------------------

TileBuilderBenchmarks.'Polygon (4 pts)': ShortRun(IterationCount=3, LaunchCount=1, WarmupCount=3)
Runtime = .NET 10.0.5 (10.0.5, 10.0.526.15411), Arm64 RyuJIT armv8.0-a; GC = Concurrent Workstation
Mean = 659.267 ns, StdErr = 0.384 ns (0.06%), N = 3, StdDev = 0.665 ns
Min = 658.689 ns, Q1 = 658.904 ns, Median = 659.119 ns, Q3 = 659.557 ns, Max = 659.994 ns
IQR = 0.653 ns, LowerFence = 657.925 ns, UpperFence = 660.535 ns
ConfidenceInterval = [647.136 ns; 671.399 ns] (CI 99.9%), Margin = 12.132 ns (1.84% of Mean)
Skewness = 0.21, Kurtosis = 0.67, MValue = 2
-------------------- Histogram --------------------
[658.083 ns ; 660.599 ns) | @@@
---------------------------------------------------

TileBuilderBenchmarks.'Mixed tile (realistic)': ShortRun(IterationCount=3, LaunchCount=1, WarmupCount=3)
Runtime = .NET 10.0.5 (10.0.5, 10.0.526.15411), Arm64 RyuJIT armv8.0-a; GC = Concurrent Workstation
Mean = 3.203 μs, StdErr = 0.003 μs (0.11%), N = 3, StdDev = 0.006 μs
Min = 3.198 μs, Q1 = 3.200 μs, Median = 3.202 μs, Q3 = 3.206 μs, Max = 3.210 μs
IQR = 0.006 μs, LowerFence = 3.191 μs, UpperFence = 3.215 μs
ConfidenceInterval = [3.093 μs; 3.313 μs] (CI 99.9%), Margin = 0.110 μs (3.42% of Mean)
Skewness = 0.2, Kurtosis = 0.67, MValue = 2
-------------------- Histogram --------------------
[3.192 μs ; 3.215 μs) | @@@
---------------------------------------------------

TileBuilderBenchmarks.'LineString (3000 pts, 200km, zoomed in)': ShortRun(IterationCount=3, LaunchCount=1, WarmupCount=3)
Runtime = .NET 10.0.5 (10.0.5, 10.0.526.15411), Arm64 RyuJIT armv8.0-a; GC = Concurrent Workstation
Mean = 56.312 μs, StdErr = 0.353 μs (0.63%), N = 3, StdDev = 0.611 μs
Min = 55.798 μs, Q1 = 55.974 μs, Median = 56.151 μs, Q3 = 56.569 μs, Max = 56.988 μs
IQR = 0.595 μs, LowerFence = 55.082 μs, UpperFence = 57.462 μs
ConfidenceInterval = [45.160 μs; 67.465 μs] (CI 99.9%), Margin = 11.152 μs (19.80% of Mean)
Skewness = 0.25, Kurtosis = 0.67, MValue = 2
-------------------- Histogram --------------------
[55.415 μs ; 57.544 μs) | @@@
---------------------------------------------------

TileBuilderBenchmarks.'LineString (3000 pts, 200km, zoomed out)': ShortRun(IterationCount=3, LaunchCount=1, WarmupCount=3)
Runtime = .NET 10.0.5 (10.0.5, 10.0.526.15411), Arm64 RyuJIT armv8.0-a; GC = Concurrent Workstation
Mean = 84.370 μs, StdErr = 0.182 μs (0.22%), N = 3, StdDev = 0.315 μs
Min = 84.138 μs, Q1 = 84.191 μs, Median = 84.244 μs, Q3 = 84.486 μs, Max = 84.729 μs
IQR = 0.295 μs, LowerFence = 83.748 μs, UpperFence = 84.929 μs
ConfidenceInterval = [78.626 μs; 90.115 μs] (CI 99.9%), Margin = 5.744 μs (6.81% of Mean)
Skewness = 0.34, Kurtosis = 0.67, MValue = 2
-------------------- Histogram --------------------
[83.852 μs ; 85.015 μs) | @@@
---------------------------------------------------

TileBuilderBenchmarks.'Point outside tile (skip)': ShortRun(IterationCount=3, LaunchCount=1, WarmupCount=3)
Runtime = .NET 10.0.5 (10.0.5, 10.0.526.15411), Arm64 RyuJIT armv8.0-a; GC = Concurrent Workstation
Mean = 371.264 ns, StdErr = 0.190 ns (0.05%), N = 3, StdDev = 0.329 ns
Min = 370.916 ns, Q1 = 371.111 ns, Median = 371.306 ns, Q3 = 371.438 ns, Max = 371.570 ns
IQR = 0.327 ns, LowerFence = 370.621 ns, UpperFence = 371.928 ns
ConfidenceInterval = [365.265 ns; 377.263 ns] (CI 99.9%), Margin = 5.999 ns (1.62% of Mean)
Skewness = -0.12, Kurtosis = 0.67, MValue = 2
-------------------- Histogram --------------------
[370.617 ns ; 371.869 ns) | @@@
---------------------------------------------------

// * Summary *

BenchmarkDotNet v0.15.8, macOS Sequoia 15.7.3 (24G419) [Darwin 24.6.0]
Apple M1 Pro, 1 CPU, 10 logical and 10 physical cores
.NET SDK 10.0.201
  [Host]   : .NET 10.0.5 (10.0.5, 10.0.526.15411), Arm64 RyuJIT armv8.0-a
  ShortRun : .NET 10.0.5 (10.0.5, 10.0.526.15411), Arm64 RyuJIT armv8.0-a

Job=ShortRun  IterationCount=3  LaunchCount=1  
WarmupCount=3  

| Method                                     | Mean        | Error        | StdDev    | Gen0    | Gen1   | Allocated |
|------------------------------------------- |------------:|-------------:|----------:|--------:|-------:|----------:|
| 'Single point'                             |    481.2 ns |     29.87 ns |   1.64 ns |  0.2918 | 0.0010 |   1.79 KB |
| 'Point with attributes'                    |    962.5 ns |     50.94 ns |   2.79 ns |  0.5093 | 0.0038 |   3.13 KB |
| '10 points'                                |  3,831.1 ns |    119.91 ns |   6.57 ns |  1.1139 | 0.0153 |   6.87 KB |
| '100 points'                               | 31,622.6 ns |  2,192.89 ns | 120.20 ns |  7.2021 | 0.6104 |  44.28 KB |
| 'LineString (5 pts)'                       |    741.2 ns |     31.80 ns |   1.74 ns |  0.3643 | 0.0010 |   2.23 KB |
| 'Polygon (4 pts)'                          |    659.3 ns |     12.13 ns |   0.66 ns |  0.3090 | 0.0010 |    1.9 KB |
| 'Mixed tile (realistic)'                   |  3,203.1 ns |    109.64 ns |   6.01 ns |  1.2016 | 0.0191 |   7.38 KB |
| 'LineString (3000 pts, 200km, zoomed in)'  | 56,312.3 ns | 11,152.29 ns | 611.29 ns |  4.0283 |      - |  24.91 KB |
| 'LineString (3000 pts, 200km, zoomed out)' | 84,370.4 ns |  5,744.34 ns | 314.87 ns | 14.5264 | 1.7090 |  89.53 KB |
| 'Point outside tile (skip)'                |    371.3 ns |      6.00 ns |   0.33 ns |  0.2255 | 0.0005 |   1.38 KB |

// * Legends *
  Mean      : Arithmetic mean of all measurements
  Error     : Half of 99.9% confidence interval
  StdDev    : Standard deviation of all measurements
  Gen0      : GC Generation 0 collects per 1000 operations
  Gen1      : GC Generation 1 collects per 1000 operations
  Allocated : Allocated memory per single operation (managed only, inclusive, 1KB = 1024B)
  1 ns      : 1 Nanosecond (0.000000001 sec)

// * Diagnostic Output - MemoryDiagnoser *


// ***** BenchmarkRunner: End *****
Run time: 00:01:04 (64.16 sec), executed benchmarks: 10

Global total time: 00:01:09 (69.97 sec), executed benchmarks: 10
// * Artifacts cleanup *
Artifacts cleanup is finished
