// Validating benchmarks:
// ***** BenchmarkRunner: Start   *****
// ***** Found 10 benchmark(s) in total *****
// ***** Building 1 exe(s) in Parallel: Start   *****
// start dotnet  restore --nodeReuse:false /p:UseSharedCompilation=false /p:Deterministic=true /p:Optimize=true /p:ArtifactsPath="/Users/bjornandersson/dev/com.bson/dotnet/MvtNet/MvtNet.Benchmarks/bin/Release/net10.0/MvtNet.Benchmarks-ShortRun-1/" /p:OutDir="/Users/bjornandersson/dev/com.bson/dotnet/MvtNet/MvtNet.Benchmarks/bin/Release/net10.0/MvtNet.Benchmarks-ShortRun-1/bin/Release/net10.0/" /p:OutputPath="/Users/bjornandersson/dev/com.bson/dotnet/MvtNet/MvtNet.Benchmarks/bin/Release/net10.0/MvtNet.Benchmarks-ShortRun-1/bin/Release/net10.0/" /p:PublishDir="/Users/bjornandersson/dev/com.bson/dotnet/MvtNet/MvtNet.Benchmarks/bin/Release/net10.0/MvtNet.Benchmarks-ShortRun-1/publish/" in /Users/bjornandersson/dev/com.bson/dotnet/MvtNet/MvtNet.Benchmarks/bin/Release/net10.0/MvtNet.Benchmarks-ShortRun-1
// command took 1.58 sec and exited with 0
// start dotnet  build -c Release --no-restore --nodeReuse:false /p:UseSharedCompilation=false /p:Deterministic=true /p:Optimize=true /p:ArtifactsPath="/Users/bjornandersson/dev/com.bson/dotnet/MvtNet/MvtNet.Benchmarks/bin/Release/net10.0/MvtNet.Benchmarks-ShortRun-1/" /p:OutDir="/Users/bjornandersson/dev/com.bson/dotnet/MvtNet/MvtNet.Benchmarks/bin/Release/net10.0/MvtNet.Benchmarks-ShortRun-1/bin/Release/net10.0/" /p:OutputPath="/Users/bjornandersson/dev/com.bson/dotnet/MvtNet/MvtNet.Benchmarks/bin/Release/net10.0/MvtNet.Benchmarks-ShortRun-1/bin/Release/net10.0/" /p:PublishDir="/Users/bjornandersson/dev/com.bson/dotnet/MvtNet/MvtNet.Benchmarks/bin/Release/net10.0/MvtNet.Benchmarks-ShortRun-1/publish/" --output "/Users/bjornandersson/dev/com.bson/dotnet/MvtNet/MvtNet.Benchmarks/bin/Release/net10.0/MvtNet.Benchmarks-ShortRun-1/bin/Release/net10.0/" in /Users/bjornandersson/dev/com.bson/dotnet/MvtNet/MvtNet.Benchmarks/bin/Release/net10.0/MvtNet.Benchmarks-ShortRun-1
// command took 5.01 sec and exited with 0
// ***** Done, took 00:00:06 (6.66 sec)   *****
// Found 10 benchmarks:
//   TileBuilderBenchmarks.'Single point': ShortRun(IterationCount=3, LaunchCount=1, WarmupCount=3)
//   TileBuilderBenchmarks.'Point with attributes': ShortRun(IterationCount=3, LaunchCount=1, WarmupCount=3)
//   TileBuilderBenchmarks.'10 points': ShortRun(IterationCount=3, LaunchCount=1, WarmupCount=3)
//   TileBuilderBenchmarks.'100 points': ShortRun(IterationCount=3, LaunchCount=1, WarmupCount=3)
//   TileBuilderBenchmarks.'LineString (5 pts)': ShortRun(IterationCount=3, LaunchCount=1, WarmupCount=3)
//   TileBuilderBenchmarks.'Polygon (4 pts)': ShortRun(IterationCount=3, LaunchCount=1, WarmupCount=3)
//   TileBuilderBenchmarks.'Mixed tile (realistic)': ShortRun(IterationCount=3, LaunchCount=1, WarmupCount=3)
//   TileBuilderBenchmarks.'LineString (3000 pts, 200km, zoomed in)': ShortRun(IterationCount=3, LaunchCount=1, WarmupCount=3)
//   TileBuilderBenchmarks.'LineString (3000 pts, 200km, zoomed out)': ShortRun(IterationCount=3, LaunchCount=1, WarmupCount=3)
//   TileBuilderBenchmarks.'Point outside tile (skip)': ShortRun(IterationCount=3, LaunchCount=1, WarmupCount=3)

// **************************
// Benchmark: TileBuilderBenchmarks.'Single point': ShortRun(IterationCount=3, LaunchCount=1, WarmupCount=3)
// *** Execute ***
// Launch: 1 / 1
// Execute: dotnet MvtNet.Benchmarks-ShortRun-1.dll --anonymousPipes 129 130 --benchmarkName MvtNet.Benchmarks.TileBuilderBenchmarks.SinglePoint --job ShortRun --benchmarkId 0 in /Users/bjornandersson/dev/com.bson/dotnet/MvtNet/MvtNet.Benchmarks/bin/Release/net10.0/MvtNet.Benchmarks-ShortRun-1/bin/Release/net10.0
// Failed to set up high priority (Permission denied). In order to run benchmarks with high priority, make sure you have the right permissions.
// BeforeAnythingElse

// Benchmark Process Environment Information:
// BenchmarkDotNet v0.15.8
// Runtime=.NET 10.0.5 (10.0.5, 10.0.526.15411), Arm64 RyuJIT armv8.0-a
// GC=Concurrent Workstation
// HardwareIntrinsics=ArmBase+AdvSimd,AES,CRC32,DP,RDM,SHA1,SHA256 VectorSize=128
// Job: ShortRun(IterationCount=3, LaunchCount=1, WarmupCount=3)

OverheadJitting  1: 1 op, 129459.00 ns, 129.4590 us/op
WorkloadJitting  1: 1 op, 8914333.00 ns, 8.9143 ms/op

OverheadJitting  2: 16 op, 354125.00 ns, 22.1328 us/op
WorkloadJitting  2: 16 op, 378292.00 ns, 23.6433 us/op

WorkloadPilot    1: 16 op, 49416.00 ns, 3.0885 us/op
WorkloadPilot    2: 32 op, 80250.00 ns, 2.5078 us/op
WorkloadPilot    3: 64 op, 158792.00 ns, 2.4811 us/op
WorkloadPilot    4: 128 op, 315459.00 ns, 2.4645 us/op
WorkloadPilot    5: 256 op, 640125.00 ns, 2.5005 us/op
WorkloadPilot    6: 512 op, 1282708.00 ns, 2.5053 us/op
WorkloadPilot    7: 1024 op, 3172458.00 ns, 3.0981 us/op
WorkloadPilot    8: 2048 op, 5552292.00 ns, 2.7111 us/op
WorkloadPilot    9: 4096 op, 11140458.00 ns, 2.7198 us/op
WorkloadPilot   10: 8192 op, 21061292.00 ns, 2.5710 us/op
WorkloadPilot   11: 16384 op, 41545625.00 ns, 2.5357 us/op
WorkloadPilot   12: 32768 op, 77377209.00 ns, 2.3614 us/op
WorkloadPilot   13: 65536 op, 46622875.00 ns, 711.4086 ns/op
WorkloadPilot   14: 131072 op, 73147000.00 ns, 558.0673 ns/op
WorkloadPilot   15: 262144 op, 145043083.00 ns, 553.2955 ns/op
WorkloadPilot   16: 524288 op, 288261583.00 ns, 549.8153 ns/op
WorkloadPilot   17: 1048576 op, 577998083.00 ns, 551.2219 ns/op

OverheadWarmup   1: 1048576 op, 2383041.00 ns, 2.2726 ns/op
OverheadWarmup   2: 1048576 op, 2388750.00 ns, 2.2781 ns/op
OverheadWarmup   3: 1048576 op, 2375583.00 ns, 2.2655 ns/op
OverheadWarmup   4: 1048576 op, 2389333.00 ns, 2.2786 ns/op
OverheadWarmup   5: 1048576 op, 2381458.00 ns, 2.2711 ns/op

OverheadActual   1: 1048576 op, 2388291.00 ns, 2.2777 ns/op
OverheadActual   2: 1048576 op, 2386541.00 ns, 2.2760 ns/op
OverheadActual   3: 1048576 op, 2420500.00 ns, 2.3084 ns/op
OverheadActual   4: 1048576 op, 2374500.00 ns, 2.2645 ns/op
OverheadActual   5: 1048576 op, 2433375.00 ns, 2.3206 ns/op
OverheadActual   6: 1048576 op, 2372167.00 ns, 2.2623 ns/op
OverheadActual   7: 1048576 op, 2295917.00 ns, 2.1896 ns/op
OverheadActual   8: 1048576 op, 2303333.00 ns, 2.1966 ns/op
OverheadActual   9: 1048576 op, 2299500.00 ns, 2.1930 ns/op
OverheadActual  10: 1048576 op, 2297458.00 ns, 2.1910 ns/op
OverheadActual  11: 1048576 op, 2298459.00 ns, 2.1920 ns/op
OverheadActual  12: 1048576 op, 2305375.00 ns, 2.1986 ns/op
OverheadActual  13: 1048576 op, 2298292.00 ns, 2.1918 ns/op
OverheadActual  14: 1048576 op, 2295666.00 ns, 2.1893 ns/op
OverheadActual  15: 1048576 op, 2299833.00 ns, 2.1933 ns/op

WorkloadWarmup   1: 1048576 op, 580421709.00 ns, 553.5333 ns/op
WorkloadWarmup   2: 1048576 op, 576864000.00 ns, 550.1404 ns/op
WorkloadWarmup   3: 1048576 op, 575673042.00 ns, 549.0046 ns/op

// BeforeActualRun
WorkloadActual   1: 1048576 op, 578929125.00 ns, 552.1098 ns/op
WorkloadActual   2: 1048576 op, 589990417.00 ns, 562.6587 ns/op
WorkloadActual   3: 1048576 op, 577050042.00 ns, 550.3178 ns/op

// AfterActualRun
WorkloadResult   1: 1048576 op, 576625792.00 ns, 549.9132 ns/op
WorkloadResult   2: 1048576 op, 587687084.00 ns, 560.4621 ns/op
WorkloadResult   3: 1048576 op, 574746709.00 ns, 548.1212 ns/op
// GC:  296 1 0 1862270976 1048576
// Threading:  0 0 1048576

// AfterAll
// Benchmark Process 93517 has exited with code 0.

Mean = 552.832 ns, StdErr = 3.850 ns (0.70%), N = 3, StdDev = 6.668 ns
Min = 548.121 ns, Q1 = 549.017 ns, Median = 549.913 ns, Q3 = 555.188 ns, Max = 560.462 ns
IQR = 6.170 ns, LowerFence = 539.762 ns, UpperFence = 564.443 ns
ConfidenceInterval = [431.180 ns; 674.485 ns] (CI 99.9%), Margin = 121.652 ns (22.01% of Mean)
Skewness = 0.35, Kurtosis = 0.67, MValue = 2

// ** Remained 9 (90.0%) benchmark(s) to run. Estimated finish 2026-04-04 1:00 (0h 0m from now) **
// **************************
// Benchmark: TileBuilderBenchmarks.'Point with attributes': ShortRun(IterationCount=3, LaunchCount=1, WarmupCount=3)
// *** Execute ***
// Launch: 1 / 1
// Execute: dotnet MvtNet.Benchmarks-ShortRun-1.dll --anonymousPipes 129 130 --benchmarkName MvtNet.Benchmarks.TileBuilderBenchmarks.PointWithAttributes --job ShortRun --benchmarkId 1 in /Users/bjornandersson/dev/com.bson/dotnet/MvtNet/MvtNet.Benchmarks/bin/Release/net10.0/MvtNet.Benchmarks-ShortRun-1/bin/Release/net10.0
// Failed to set up high priority (Permission denied). In order to run benchmarks with high priority, make sure you have the right permissions.
// BeforeAnythingElse

// Benchmark Process Environment Information:
// BenchmarkDotNet v0.15.8
// Runtime=.NET 10.0.5 (10.0.5, 10.0.526.15411), Arm64 RyuJIT armv8.0-a
// GC=Concurrent Workstation
// HardwareIntrinsics=ArmBase+AdvSimd,AES,CRC32,DP,RDM,SHA1,SHA256 VectorSize=128
// Job: ShortRun(IterationCount=3, LaunchCount=1, WarmupCount=3)

OverheadJitting  1: 1 op, 107875.00 ns, 107.8750 us/op
WorkloadJitting  1: 1 op, 9245000.00 ns, 9.2450 ms/op

OverheadJitting  2: 16 op, 418042.00 ns, 26.1276 us/op
WorkloadJitting  2: 16 op, 430250.00 ns, 26.8906 us/op

WorkloadPilot    1: 16 op, 92792.00 ns, 5.7995 us/op
WorkloadPilot    2: 32 op, 167583.00 ns, 5.2370 us/op
WorkloadPilot    3: 64 op, 312042.00 ns, 4.8757 us/op
WorkloadPilot    4: 128 op, 634542.00 ns, 4.9574 us/op
WorkloadPilot    5: 256 op, 1348167.00 ns, 5.2663 us/op
WorkloadPilot    6: 512 op, 2649042.00 ns, 5.1739 us/op
WorkloadPilot    7: 1024 op, 5409458.00 ns, 5.2827 us/op
WorkloadPilot    8: 2048 op, 11464792.00 ns, 5.5980 us/op
WorkloadPilot    9: 4096 op, 21395584.00 ns, 5.2235 us/op
WorkloadPilot   10: 8192 op, 42311916.00 ns, 5.1650 us/op
WorkloadPilot   11: 16384 op, 87232958.00 ns, 5.3243 us/op
WorkloadPilot   12: 32768 op, 53070333.00 ns, 1.6196 us/op
WorkloadPilot   13: 65536 op, 67467459.00 ns, 1.0295 us/op
WorkloadPilot   14: 131072 op, 132217000.00 ns, 1.0087 us/op
WorkloadPilot   15: 262144 op, 264578584.00 ns, 1.0093 us/op
WorkloadPilot   16: 524288 op, 531034584.00 ns, 1.0129 us/op

OverheadWarmup   1: 524288 op, 1189416.00 ns, 2.2686 ns/op
OverheadWarmup   2: 524288 op, 1161167.00 ns, 2.2148 ns/op
OverheadWarmup   3: 524288 op, 1212708.00 ns, 2.3131 ns/op
OverheadWarmup   4: 524288 op, 1170583.00 ns, 2.2327 ns/op
OverheadWarmup   5: 524288 op, 1155833.00 ns, 2.2046 ns/op
OverheadWarmup   6: 524288 op, 1152583.00 ns, 2.1984 ns/op
OverheadWarmup   7: 524288 op, 1185458.00 ns, 2.2611 ns/op
OverheadWarmup   8: 524288 op, 1215375.00 ns, 2.3181 ns/op
OverheadWarmup   9: 524288 op, 1222416.00 ns, 2.3316 ns/op
OverheadWarmup  10: 524288 op, 1194792.00 ns, 2.2789 ns/op

OverheadActual   1: 524288 op, 1188167.00 ns, 2.2662 ns/op
OverheadActual   2: 524288 op, 1208833.00 ns, 2.3057 ns/op
OverheadActual   3: 524288 op, 1151125.00 ns, 2.1956 ns/op
OverheadActual   4: 524288 op, 1148083.00 ns, 2.1898 ns/op
OverheadActual   5: 524288 op, 1148166.00 ns, 2.1900 ns/op
OverheadActual   6: 524288 op, 1156042.00 ns, 2.2050 ns/op
OverheadActual   7: 524288 op, 1148083.00 ns, 2.1898 ns/op
OverheadActual   8: 524288 op, 1200625.00 ns, 2.2900 ns/op
OverheadActual   9: 524288 op, 1161041.00 ns, 2.2145 ns/op
OverheadActual  10: 524288 op, 1149875.00 ns, 2.1932 ns/op
OverheadActual  11: 524288 op, 1201375.00 ns, 2.2914 ns/op
OverheadActual  12: 524288 op, 1199250.00 ns, 2.2874 ns/op
OverheadActual  13: 524288 op, 1159041.00 ns, 2.2107 ns/op
OverheadActual  14: 524288 op, 1190417.00 ns, 2.2705 ns/op
OverheadActual  15: 524288 op, 1199083.00 ns, 2.2871 ns/op

WorkloadWarmup   1: 524288 op, 529670917.00 ns, 1.0103 us/op
WorkloadWarmup   2: 524288 op, 528287209.00 ns, 1.0076 us/op
WorkloadWarmup   3: 524288 op, 528552083.00 ns, 1.0081 us/op

// BeforeActualRun
WorkloadActual   1: 524288 op, 527636708.00 ns, 1.0064 us/op
WorkloadActual   2: 524288 op, 527640875.00 ns, 1.0064 us/op
WorkloadActual   3: 524288 op, 527662708.00 ns, 1.0064 us/op

// AfterActualRun
WorkloadResult   1: 524288 op, 526475667.00 ns, 1.0042 us/op
WorkloadResult   2: 524288 op, 526479834.00 ns, 1.0042 us/op
WorkloadResult   3: 524288 op, 526501667.00 ns, 1.0042 us/op
// GC:  273 2 0 1715470336 524288
// Threading:  0 0 524288

// AfterAll
// Benchmark Process 93541 has exited with code 0.

Mean = 1.004 μs, StdErr = 0.000 μs (0.00%), N = 3, StdDev = 0.000 μs
Min = 1.004 μs, Q1 = 1.004 μs, Median = 1.004 μs, Q3 = 1.004 μs, Max = 1.004 μs
IQR = 0.000 μs, LowerFence = 1.004 μs, UpperFence = 1.004 μs
ConfidenceInterval = [1.004 μs; 1.005 μs] (CI 99.9%), Margin = 0.000 μs (0.05% of Mean)
Skewness = 0.35, Kurtosis = 0.67, MValue = 2

// ** Remained 8 (80.0%) benchmark(s) to run. Estimated finish 2026-04-04 1:00 (0h 0m from now) **
// **************************
// Benchmark: TileBuilderBenchmarks.'10 points': ShortRun(IterationCount=3, LaunchCount=1, WarmupCount=3)
// *** Execute ***
// Launch: 1 / 1
// Execute: dotnet MvtNet.Benchmarks-ShortRun-1.dll --anonymousPipes 129 130 --benchmarkName MvtNet.Benchmarks.TileBuilderBenchmarks.TenPoints --job ShortRun --benchmarkId 2 in /Users/bjornandersson/dev/com.bson/dotnet/MvtNet/MvtNet.Benchmarks/bin/Release/net10.0/MvtNet.Benchmarks-ShortRun-1/bin/Release/net10.0
// Failed to set up high priority (Permission denied). In order to run benchmarks with high priority, make sure you have the right permissions.
// BeforeAnythingElse

// Benchmark Process Environment Information:
// BenchmarkDotNet v0.15.8
// Runtime=.NET 10.0.5 (10.0.5, 10.0.526.15411), Arm64 RyuJIT armv8.0-a
// GC=Concurrent Workstation
// HardwareIntrinsics=ArmBase+AdvSimd,AES,CRC32,DP,RDM,SHA1,SHA256 VectorSize=128
// Job: ShortRun(IterationCount=3, LaunchCount=1, WarmupCount=3)

OverheadJitting  1: 1 op, 118125.00 ns, 118.1250 us/op
WorkloadJitting  1: 1 op, 9507708.00 ns, 9.5077 ms/op

OverheadJitting  2: 16 op, 343042.00 ns, 21.4401 us/op
WorkloadJitting  2: 16 op, 671791.00 ns, 41.9869 us/op

WorkloadPilot    1: 16 op, 387208.00 ns, 24.2005 us/op
WorkloadPilot    2: 32 op, 786667.00 ns, 24.5833 us/op
WorkloadPilot    3: 64 op, 1610833.00 ns, 25.1693 us/op
WorkloadPilot    4: 128 op, 3142625.00 ns, 24.5518 us/op
WorkloadPilot    5: 256 op, 6262541.00 ns, 24.4631 us/op
WorkloadPilot    6: 512 op, 12548333.00 ns, 24.5085 us/op
WorkloadPilot    7: 1024 op, 24701125.00 ns, 24.1222 us/op
WorkloadPilot    8: 2048 op, 47782334.00 ns, 23.3312 us/op
WorkloadPilot    9: 4096 op, 86280167.00 ns, 21.0645 us/op
WorkloadPilot   10: 8192 op, 49168208.00 ns, 6.0020 us/op
WorkloadPilot   11: 16384 op, 79965875.00 ns, 4.8807 us/op
WorkloadPilot   12: 32768 op, 156427125.00 ns, 4.7738 us/op
WorkloadPilot   13: 65536 op, 313244291.00 ns, 4.7797 us/op
WorkloadPilot   14: 131072 op, 626411792.00 ns, 4.7791 us/op

OverheadWarmup   1: 131072 op, 302250.00 ns, 2.3060 ns/op
OverheadWarmup   2: 131072 op, 300334.00 ns, 2.2914 ns/op
OverheadWarmup   3: 131072 op, 300875.00 ns, 2.2955 ns/op
OverheadWarmup   4: 131072 op, 300834.00 ns, 2.2952 ns/op
OverheadWarmup   5: 131072 op, 302125.00 ns, 2.3050 ns/op
OverheadWarmup   6: 131072 op, 300750.00 ns, 2.2945 ns/op

OverheadActual   1: 131072 op, 302625.00 ns, 2.3088 ns/op
OverheadActual   2: 131072 op, 336916.00 ns, 2.5705 ns/op
OverheadActual   3: 131072 op, 303708.00 ns, 2.3171 ns/op
OverheadActual   4: 131072 op, 299291.00 ns, 2.2834 ns/op
OverheadActual   5: 131072 op, 298042.00 ns, 2.2739 ns/op
OverheadActual   6: 131072 op, 300792.00 ns, 2.2949 ns/op
OverheadActual   7: 131072 op, 300833.00 ns, 2.2952 ns/op
OverheadActual   8: 131072 op, 298084.00 ns, 2.2742 ns/op
OverheadActual   9: 131072 op, 298083.00 ns, 2.2742 ns/op
OverheadActual  10: 131072 op, 300833.00 ns, 2.2952 ns/op
OverheadActual  11: 131072 op, 298083.00 ns, 2.2742 ns/op
OverheadActual  12: 131072 op, 298292.00 ns, 2.2758 ns/op
OverheadActual  13: 131072 op, 300833.00 ns, 2.2952 ns/op
OverheadActual  14: 131072 op, 298167.00 ns, 2.2748 ns/op
OverheadActual  15: 131072 op, 298000.00 ns, 2.2736 ns/op

WorkloadWarmup   1: 131072 op, 627564583.00 ns, 4.7879 us/op
WorkloadWarmup   2: 131072 op, 625730333.00 ns, 4.7739 us/op
WorkloadWarmup   3: 131072 op, 627725000.00 ns, 4.7892 us/op

// BeforeActualRun
WorkloadActual   1: 131072 op, 628745333.00 ns, 4.7969 us/op
WorkloadActual   2: 131072 op, 634231916.00 ns, 4.8388 us/op
WorkloadActual   3: 131072 op, 625864625.00 ns, 4.7750 us/op

// AfterActualRun
WorkloadResult   1: 131072 op, 628446042.00 ns, 4.7947 us/op
WorkloadResult   2: 131072 op, 633932625.00 ns, 4.8365 us/op
WorkloadResult   3: 131072 op, 625565334.00 ns, 4.7727 us/op
// GC:  172 2 0 1082130432 131072
// Threading:  0 0 131072

// AfterAll
// Benchmark Process 93576 has exited with code 0.

Mean = 4.801 μs, StdErr = 0.019 μs (0.39%), N = 3, StdDev = 0.032 μs
Min = 4.773 μs, Q1 = 4.784 μs, Median = 4.795 μs, Q3 = 4.816 μs, Max = 4.837 μs
IQR = 0.032 μs, LowerFence = 4.736 μs, UpperFence = 4.863 μs
ConfidenceInterval = [4.210 μs; 5.393 μs] (CI 99.9%), Margin = 0.592 μs (12.32% of Mean)
Skewness = 0.2, Kurtosis = 0.67, MValue = 2

// ** Remained 7 (70.0%) benchmark(s) to run. Estimated finish 2026-04-04 1:00 (0h 0m from now) **
// **************************
// Benchmark: TileBuilderBenchmarks.'100 points': ShortRun(IterationCount=3, LaunchCount=1, WarmupCount=3)
// *** Execute ***
// Launch: 1 / 1
// Execute: dotnet MvtNet.Benchmarks-ShortRun-1.dll --anonymousPipes 129 130 --benchmarkName MvtNet.Benchmarks.TileBuilderBenchmarks.HundredPoints --job ShortRun --benchmarkId 3 in /Users/bjornandersson/dev/com.bson/dotnet/MvtNet/MvtNet.Benchmarks/bin/Release/net10.0/MvtNet.Benchmarks-ShortRun-1/bin/Release/net10.0
// Failed to set up high priority (Permission denied). In order to run benchmarks with high priority, make sure you have the right permissions.
// BeforeAnythingElse

// Benchmark Process Environment Information:
// BenchmarkDotNet v0.15.8
// Runtime=.NET 10.0.5 (10.0.5, 10.0.526.15411), Arm64 RyuJIT armv8.0-a
// GC=Concurrent Workstation
// HardwareIntrinsics=ArmBase+AdvSimd,AES,CRC32,DP,RDM,SHA1,SHA256 VectorSize=128
// Job: ShortRun(IterationCount=3, LaunchCount=1, WarmupCount=3)

OverheadJitting  1: 1 op, 1119000.00 ns, 1.1190 ms/op
WorkloadJitting  1: 1 op, 9514291.00 ns, 9.5143 ms/op

OverheadJitting  2: 16 op, 341959.00 ns, 21.3724 us/op
WorkloadJitting  2: 16 op, 3811208.00 ns, 238.2005 us/op

WorkloadPilot    1: 16 op, 3336834.00 ns, 208.5521 us/op
WorkloadPilot    2: 32 op, 6720250.00 ns, 210.0078 us/op
WorkloadPilot    3: 64 op, 13494750.00 ns, 210.8555 us/op
WorkloadPilot    4: 128 op, 26498083.00 ns, 207.0163 us/op
WorkloadPilot    5: 256 op, 51137417.00 ns, 199.7555 us/op
WorkloadPilot    6: 512 op, 101793875.00 ns, 198.8162 us/op
WorkloadPilot    7: 1024 op, 194265584.00 ns, 189.7125 us/op
WorkloadPilot    8: 2048 op, 88026750.00 ns, 42.9818 us/op
WorkloadPilot    9: 4096 op, 170290333.00 ns, 41.5748 us/op
WorkloadPilot   10: 8192 op, 336524792.00 ns, 41.0797 us/op
WorkloadPilot   11: 16384 op, 673446125.00 ns, 41.1039 us/op

OverheadWarmup   1: 16384 op, 40084.00 ns, 2.4465 ns/op
OverheadWarmup   2: 16384 op, 38542.00 ns, 2.3524 ns/op
OverheadWarmup   3: 16384 op, 38208.00 ns, 2.3320 ns/op
OverheadWarmup   4: 16384 op, 38084.00 ns, 2.3245 ns/op
OverheadWarmup   5: 16384 op, 38792.00 ns, 2.3677 ns/op
OverheadWarmup   6: 16384 op, 38208.00 ns, 2.3320 ns/op
OverheadWarmup   7: 16384 op, 38583.00 ns, 2.3549 ns/op
OverheadWarmup   8: 16384 op, 38584.00 ns, 2.3550 ns/op
OverheadWarmup   9: 16384 op, 39000.00 ns, 2.3804 ns/op
OverheadWarmup  10: 16384 op, 38584.00 ns, 2.3550 ns/op

OverheadActual   1: 16384 op, 38542.00 ns, 2.3524 ns/op
OverheadActual   2: 16384 op, 38583.00 ns, 2.3549 ns/op
OverheadActual   3: 16384 op, 38791.00 ns, 2.3676 ns/op
OverheadActual   4: 16384 op, 38542.00 ns, 2.3524 ns/op
OverheadActual   5: 16384 op, 38500.00 ns, 2.3499 ns/op
OverheadActual   6: 16384 op, 49917.00 ns, 3.0467 ns/op
OverheadActual   7: 16384 op, 38833.00 ns, 2.3702 ns/op
OverheadActual   8: 16384 op, 38542.00 ns, 2.3524 ns/op
OverheadActual   9: 16384 op, 38500.00 ns, 2.3499 ns/op
OverheadActual  10: 16384 op, 38458.00 ns, 2.3473 ns/op
OverheadActual  11: 16384 op, 38667.00 ns, 2.3600 ns/op
OverheadActual  12: 16384 op, 38375.00 ns, 2.3422 ns/op
OverheadActual  13: 16384 op, 38500.00 ns, 2.3499 ns/op
OverheadActual  14: 16384 op, 38500.00 ns, 2.3499 ns/op
OverheadActual  15: 16384 op, 38625.00 ns, 2.3575 ns/op

WorkloadWarmup   1: 16384 op, 683181375.00 ns, 41.6981 us/op
WorkloadWarmup   2: 16384 op, 676270792.00 ns, 41.2763 us/op
WorkloadWarmup   3: 16384 op, 675574750.00 ns, 41.2338 us/op

// BeforeActualRun
WorkloadActual   1: 16384 op, 673510667.00 ns, 41.1078 us/op
WorkloadActual   2: 16384 op, 671989041.00 ns, 41.0150 us/op
WorkloadActual   3: 16384 op, 683261208.00 ns, 41.7030 us/op

// AfterActualRun
WorkloadResult   1: 16384 op, 673472125.00 ns, 41.1055 us/op
WorkloadResult   2: 16384 op, 671950499.00 ns, 41.0126 us/op
WorkloadResult   3: 16384 op, 683222666.00 ns, 41.7006 us/op
// GC:  151 12 0 951713792 16384
// Threading:  0 0 16384

// AfterAll
// Benchmark Process 93595 has exited with code 0.

Mean = 41.273 μs, StdErr = 0.216 μs (0.52%), N = 3, StdDev = 0.373 μs
Min = 41.013 μs, Q1 = 41.059 μs, Median = 41.105 μs, Q3 = 41.403 μs, Max = 41.701 μs
IQR = 0.344 μs, LowerFence = 40.543 μs, UpperFence = 41.919 μs
ConfidenceInterval = [34.462 μs; 48.083 μs] (CI 99.9%), Margin = 6.810 μs (16.50% of Mean)
Skewness = 0.36, Kurtosis = 0.67, MValue = 2

// ** Remained 6 (60.0%) benchmark(s) to run. Estimated finish 2026-04-04 1:00 (0h 0m from now) **
// **************************
// Benchmark: TileBuilderBenchmarks.'LineString (5 pts)': ShortRun(IterationCount=3, LaunchCount=1, WarmupCount=3)
// *** Execute ***
// Launch: 1 / 1
// Execute: dotnet MvtNet.Benchmarks-ShortRun-1.dll --anonymousPipes 129 130 --benchmarkName MvtNet.Benchmarks.TileBuilderBenchmarks.LineString5 --job ShortRun --benchmarkId 4 in /Users/bjornandersson/dev/com.bson/dotnet/MvtNet/MvtNet.Benchmarks/bin/Release/net10.0/MvtNet.Benchmarks-ShortRun-1/bin/Release/net10.0
// Failed to set up high priority (Permission denied). In order to run benchmarks with high priority, make sure you have the right permissions.
// BeforeAnythingElse

// Benchmark Process Environment Information:
// BenchmarkDotNet v0.15.8
// Runtime=.NET 10.0.5 (10.0.5, 10.0.526.15411), Arm64 RyuJIT armv8.0-a
// GC=Concurrent Workstation
// HardwareIntrinsics=ArmBase+AdvSimd,AES,CRC32,DP,RDM,SHA1,SHA256 VectorSize=128
// Job: ShortRun(IterationCount=3, LaunchCount=1, WarmupCount=3)

OverheadJitting  1: 1 op, 113375.00 ns, 113.3750 us/op
WorkloadJitting  1: 1 op, 8974792.00 ns, 8.9748 ms/op

OverheadJitting  2: 16 op, 372000.00 ns, 23.2500 us/op
WorkloadJitting  2: 16 op, 401000.00 ns, 25.0625 us/op

WorkloadPilot    1: 16 op, 72750.00 ns, 4.5469 us/op
WorkloadPilot    2: 32 op, 131416.00 ns, 4.1068 us/op
WorkloadPilot    3: 64 op, 241458.00 ns, 3.7728 us/op
WorkloadPilot    4: 128 op, 545375.00 ns, 4.2607 us/op
WorkloadPilot    5: 256 op, 1096584.00 ns, 4.2835 us/op
WorkloadPilot    6: 512 op, 2200500.00 ns, 4.2979 us/op
WorkloadPilot    7: 1024 op, 4484209.00 ns, 4.3791 us/op
WorkloadPilot    8: 2048 op, 9136833.00 ns, 4.4613 us/op
WorkloadPilot    9: 4096 op, 18330125.00 ns, 4.4751 us/op
WorkloadPilot   10: 8192 op, 35536625.00 ns, 4.3380 us/op
WorkloadPilot   11: 16384 op, 70725917.00 ns, 4.3168 us/op
WorkloadPilot   12: 32768 op, 66962541.00 ns, 2.0435 us/op
WorkloadPilot   13: 65536 op, 67083750.00 ns, 1.0236 us/op
WorkloadPilot   14: 131072 op, 133445625.00 ns, 1.0181 us/op
WorkloadPilot   15: 262144 op, 267198041.00 ns, 1.0193 us/op
WorkloadPilot   16: 524288 op, 537208667.00 ns, 1.0246 us/op

OverheadWarmup   1: 524288 op, 1187250.00 ns, 2.2645 ns/op
OverheadWarmup   2: 524288 op, 1166375.00 ns, 2.2247 ns/op
OverheadWarmup   3: 524288 op, 1180417.00 ns, 2.2515 ns/op
OverheadWarmup   4: 524288 op, 1240875.00 ns, 2.3668 ns/op
OverheadWarmup   5: 524288 op, 1152875.00 ns, 2.1989 ns/op
OverheadWarmup   6: 524288 op, 1185292.00 ns, 2.2608 ns/op
OverheadWarmup   7: 524288 op, 1193750.00 ns, 2.2769 ns/op
OverheadWarmup   8: 524288 op, 1188792.00 ns, 2.2674 ns/op

OverheadActual   1: 524288 op, 1210917.00 ns, 2.3096 ns/op
OverheadActual   2: 524288 op, 1185542.00 ns, 2.2612 ns/op
OverheadActual   3: 524288 op, 1187875.00 ns, 2.2657 ns/op
OverheadActual   4: 524288 op, 1194750.00 ns, 2.2788 ns/op
OverheadActual   5: 524288 op, 1187958.00 ns, 2.2659 ns/op
OverheadActual   6: 524288 op, 1195958.00 ns, 2.2811 ns/op
OverheadActual   7: 524288 op, 1189459.00 ns, 2.2687 ns/op
OverheadActual   8: 524288 op, 1187959.00 ns, 2.2659 ns/op
OverheadActual   9: 524288 op, 1211250.00 ns, 2.3103 ns/op
OverheadActual  10: 524288 op, 1187959.00 ns, 2.2659 ns/op
OverheadActual  11: 524288 op, 1187917.00 ns, 2.2658 ns/op
OverheadActual  12: 524288 op, 1185333.00 ns, 2.2608 ns/op
OverheadActual  13: 524288 op, 1187958.00 ns, 2.2659 ns/op
OverheadActual  14: 524288 op, 1197792.00 ns, 2.2846 ns/op
OverheadActual  15: 524288 op, 1199750.00 ns, 2.2883 ns/op

WorkloadWarmup   1: 524288 op, 537335875.00 ns, 1.0249 us/op
WorkloadWarmup   2: 524288 op, 548956000.00 ns, 1.0471 us/op
WorkloadWarmup   3: 524288 op, 534955541.00 ns, 1.0203 us/op

// BeforeActualRun
WorkloadActual   1: 524288 op, 534277583.00 ns, 1.0191 us/op
WorkloadActual   2: 524288 op, 537075333.00 ns, 1.0244 us/op
WorkloadActual   3: 524288 op, 537626667.00 ns, 1.0254 us/op

// AfterActualRun
WorkloadResult   1: 524288 op, 533089624.00 ns, 1.0168 us/op
WorkloadResult   2: 524288 op, 535887374.00 ns, 1.0221 us/op
WorkloadResult   3: 524288 op, 536438708.00 ns, 1.0232 us/op
// GC:  195 0 0 1224736768 524288
// Threading:  0 0 524288

// AfterAll
// Benchmark Process 93629 has exited with code 0.

Mean = 1.021 μs, StdErr = 0.002 μs (0.19%), N = 3, StdDev = 0.003 μs
Min = 1.017 μs, Q1 = 1.019 μs, Median = 1.022 μs, Q3 = 1.023 μs, Max = 1.023 μs
IQR = 0.003 μs, LowerFence = 1.015 μs, UpperFence = 1.027 μs
ConfidenceInterval = [0.958 μs; 1.083 μs] (CI 99.9%), Margin = 0.062 μs (6.12% of Mean)
Skewness = -0.34, Kurtosis = 0.67, MValue = 2

// ** Remained 5 (50.0%) benchmark(s) to run. Estimated finish 2026-04-04 1:00 (0h 0m from now) **
// **************************
// Benchmark: TileBuilderBenchmarks.'Polygon (4 pts)': ShortRun(IterationCount=3, LaunchCount=1, WarmupCount=3)
// *** Execute ***
// Launch: 1 / 1
// Execute: dotnet MvtNet.Benchmarks-ShortRun-1.dll --anonymousPipes 129 130 --benchmarkName MvtNet.Benchmarks.TileBuilderBenchmarks.Polygon4 --job ShortRun --benchmarkId 5 in /Users/bjornandersson/dev/com.bson/dotnet/MvtNet/MvtNet.Benchmarks/bin/Release/net10.0/MvtNet.Benchmarks-ShortRun-1/bin/Release/net10.0
// Failed to set up high priority (Permission denied). In order to run benchmarks with high priority, make sure you have the right permissions.
// BeforeAnythingElse

// Benchmark Process Environment Information:
// BenchmarkDotNet v0.15.8
// Runtime=.NET 10.0.5 (10.0.5, 10.0.526.15411), Arm64 RyuJIT armv8.0-a
// GC=Concurrent Workstation
// HardwareIntrinsics=ArmBase+AdvSimd,AES,CRC32,DP,RDM,SHA1,SHA256 VectorSize=128
// Job: ShortRun(IterationCount=3, LaunchCount=1, WarmupCount=3)

OverheadJitting  1: 1 op, 110792.00 ns, 110.7920 us/op
WorkloadJitting  1: 1 op, 7969666.00 ns, 7.9697 ms/op

OverheadJitting  2: 16 op, 352334.00 ns, 22.0209 us/op
WorkloadJitting  2: 16 op, 474666.00 ns, 29.6666 us/op

WorkloadPilot    1: 16 op, 73583.00 ns, 4.5989 us/op
WorkloadPilot    2: 32 op, 111208.00 ns, 3.4753 us/op
WorkloadPilot    3: 64 op, 197542.00 ns, 3.0866 us/op
WorkloadPilot    4: 128 op, 427709.00 ns, 3.3415 us/op
WorkloadPilot    5: 256 op, 911750.00 ns, 3.5615 us/op
WorkloadPilot    6: 512 op, 1857542.00 ns, 3.6280 us/op
WorkloadPilot    7: 1024 op, 3591834.00 ns, 3.5077 us/op
WorkloadPilot    8: 2048 op, 7678375.00 ns, 3.7492 us/op
WorkloadPilot    9: 4096 op, 15167208.00 ns, 3.7029 us/op
WorkloadPilot   10: 8192 op, 28969500.00 ns, 3.5363 us/op
WorkloadPilot   11: 16384 op, 56537584.00 ns, 3.4508 us/op
WorkloadPilot   12: 32768 op, 91690500.00 ns, 2.7982 us/op
WorkloadPilot   13: 65536 op, 58873333.00 ns, 898.3358 ns/op
WorkloadPilot   14: 131072 op, 112847875.00 ns, 860.9610 ns/op
WorkloadPilot   15: 262144 op, 225009750.00 ns, 858.3441 ns/op
WorkloadPilot   16: 524288 op, 451222417.00 ns, 860.6385 ns/op
WorkloadPilot   17: 1048576 op, 901744458.00 ns, 859.9705 ns/op

OverheadWarmup   1: 1048576 op, 2349917.00 ns, 2.2411 ns/op
OverheadWarmup   2: 1048576 op, 2357541.00 ns, 2.2483 ns/op
OverheadWarmup   3: 1048576 op, 2361750.00 ns, 2.2523 ns/op
OverheadWarmup   4: 1048576 op, 2296000.00 ns, 2.1896 ns/op
OverheadWarmup   5: 1048576 op, 2300750.00 ns, 2.1942 ns/op
OverheadWarmup   6: 1048576 op, 2394375.00 ns, 2.2835 ns/op
OverheadWarmup   7: 1048576 op, 2404208.00 ns, 2.2928 ns/op
OverheadWarmup   8: 1048576 op, 2319333.00 ns, 2.2119 ns/op

OverheadActual   1: 1048576 op, 2309208.00 ns, 2.2022 ns/op
OverheadActual   2: 1048576 op, 2386458.00 ns, 2.2759 ns/op
OverheadActual   3: 1048576 op, 2401750.00 ns, 2.2905 ns/op
OverheadActual   4: 1048576 op, 2409500.00 ns, 2.2979 ns/op
OverheadActual   5: 1048576 op, 2296041.00 ns, 2.1897 ns/op
OverheadActual   6: 1048576 op, 2401875.00 ns, 2.2906 ns/op
OverheadActual   7: 1048576 op, 2315625.00 ns, 2.2084 ns/op
OverheadActual   8: 1048576 op, 2295750.00 ns, 2.1894 ns/op
OverheadActual   9: 1048576 op, 2296500.00 ns, 2.1901 ns/op
OverheadActual  10: 1048576 op, 2333625.00 ns, 2.2255 ns/op
OverheadActual  11: 1048576 op, 2298500.00 ns, 2.1920 ns/op
OverheadActual  12: 1048576 op, 2375458.00 ns, 2.2654 ns/op
OverheadActual  13: 1048576 op, 2358041.00 ns, 2.2488 ns/op
OverheadActual  14: 1048576 op, 2378208.00 ns, 2.2680 ns/op
OverheadActual  15: 1048576 op, 2384917.00 ns, 2.2744 ns/op

WorkloadWarmup   1: 1048576 op, 902664541.00 ns, 860.8480 ns/op
WorkloadWarmup   2: 1048576 op, 901539500.00 ns, 859.7751 ns/op
WorkloadWarmup   3: 1048576 op, 901207916.00 ns, 859.4588 ns/op

// BeforeActualRun
WorkloadActual   1: 1048576 op, 901263500.00 ns, 859.5119 ns/op
WorkloadActual   2: 1048576 op, 901718167.00 ns, 859.9455 ns/op
WorkloadActual   3: 1048576 op, 921133166.00 ns, 878.4610 ns/op

// AfterActualRun
WorkloadResult   1: 1048576 op, 898905459.00 ns, 857.2630 ns/op
WorkloadResult   2: 1048576 op, 899360126.00 ns, 857.6967 ns/op
WorkloadResult   3: 1048576 op, 918775125.00 ns, 876.2122 ns/op
// GC:  332 1 0 2088763392 1048576
// Threading:  0 0 1048576

// AfterAll
// Benchmark Process 93646 has exited with code 0.

Mean = 863.724 ns, StdErr = 6.245 ns (0.72%), N = 3, StdDev = 10.817 ns
Min = 857.263 ns, Q1 = 857.480 ns, Median = 857.697 ns, Q3 = 866.954 ns, Max = 876.212 ns
IQR = 9.475 ns, LowerFence = 843.268 ns, UpperFence = 881.166 ns
ConfidenceInterval = [666.376 ns; 1,061.072 ns] (CI 99.9%), Margin = 197.348 ns (22.85% of Mean)
Skewness = 0.38, Kurtosis = 0.67, MValue = 2

// ** Remained 4 (40.0%) benchmark(s) to run. Estimated finish 2026-04-04 1:00 (0h 0m from now) **
// **************************
// Benchmark: TileBuilderBenchmarks.'Mixed tile (realistic)': ShortRun(IterationCount=3, LaunchCount=1, WarmupCount=3)
// *** Execute ***
// Launch: 1 / 1
// Execute: dotnet MvtNet.Benchmarks-ShortRun-1.dll --anonymousPipes 129 130 --benchmarkName MvtNet.Benchmarks.TileBuilderBenchmarks.MixedTile --job ShortRun --benchmarkId 6 in /Users/bjornandersson/dev/com.bson/dotnet/MvtNet/MvtNet.Benchmarks/bin/Release/net10.0/MvtNet.Benchmarks-ShortRun-1/bin/Release/net10.0
// Failed to set up high priority (Permission denied). In order to run benchmarks with high priority, make sure you have the right permissions.
// BeforeAnythingElse

// Benchmark Process Environment Information:
// BenchmarkDotNet v0.15.8
// Runtime=.NET 10.0.5 (10.0.5, 10.0.526.15411), Arm64 RyuJIT armv8.0-a
// GC=Concurrent Workstation
// HardwareIntrinsics=ArmBase+AdvSimd,AES,CRC32,DP,RDM,SHA1,SHA256 VectorSize=128
// Job: ShortRun(IterationCount=3, LaunchCount=1, WarmupCount=3)

OverheadJitting  1: 1 op, 114209.00 ns, 114.2090 us/op
WorkloadJitting  1: 1 op, 11240375.00 ns, 11.2404 ms/op

OverheadJitting  2: 16 op, 362792.00 ns, 22.6745 us/op
WorkloadJitting  2: 16 op, 696834.00 ns, 43.5521 us/op

WorkloadPilot    1: 16 op, 304667.00 ns, 19.0417 us/op
WorkloadPilot    2: 32 op, 628333.00 ns, 19.6354 us/op
WorkloadPilot    3: 64 op, 1246541.00 ns, 19.4772 us/op
WorkloadPilot    4: 128 op, 2513708.00 ns, 19.6383 us/op
WorkloadPilot    5: 256 op, 4983458.00 ns, 19.4666 us/op
WorkloadPilot    6: 512 op, 9946250.00 ns, 19.4263 us/op
WorkloadPilot    7: 1024 op, 19937916.00 ns, 19.4706 us/op
WorkloadPilot    8: 2048 op, 39379125.00 ns, 19.2281 us/op
WorkloadPilot    9: 4096 op, 83755667.00 ns, 20.4482 us/op
WorkloadPilot   10: 8192 op, 58422125.00 ns, 7.1316 us/op
WorkloadPilot   11: 16384 op, 67220833.00 ns, 4.1028 us/op
WorkloadPilot   12: 32768 op, 133881458.00 ns, 4.0857 us/op
WorkloadPilot   13: 65536 op, 268101500.00 ns, 4.0909 us/op
WorkloadPilot   14: 131072 op, 533264541.00 ns, 4.0685 us/op

OverheadWarmup   1: 131072 op, 299459.00 ns, 2.2847 ns/op
OverheadWarmup   2: 131072 op, 304166.00 ns, 2.3206 ns/op
OverheadWarmup   3: 131072 op, 301250.00 ns, 2.2984 ns/op
OverheadWarmup   4: 131072 op, 298625.00 ns, 2.2783 ns/op
OverheadWarmup   5: 131072 op, 298375.00 ns, 2.2764 ns/op
OverheadWarmup   6: 131072 op, 302291.00 ns, 2.3063 ns/op
OverheadWarmup   7: 131072 op, 298208.00 ns, 2.2751 ns/op

OverheadActual   1: 131072 op, 301125.00 ns, 2.2974 ns/op
OverheadActual   2: 131072 op, 300917.00 ns, 2.2958 ns/op
OverheadActual   3: 131072 op, 298166.00 ns, 2.2748 ns/op
OverheadActual   4: 131072 op, 298125.00 ns, 2.2745 ns/op
OverheadActual   5: 131072 op, 298041.00 ns, 2.2739 ns/op
OverheadActual   6: 131072 op, 300875.00 ns, 2.2955 ns/op
OverheadActual   7: 131072 op, 298084.00 ns, 2.2742 ns/op
OverheadActual   8: 131072 op, 300833.00 ns, 2.2952 ns/op
OverheadActual   9: 131072 op, 302292.00 ns, 2.3063 ns/op
OverheadActual  10: 131072 op, 298167.00 ns, 2.2748 ns/op
OverheadActual  11: 131072 op, 298000.00 ns, 2.2736 ns/op
OverheadActual  12: 131072 op, 298041.00 ns, 2.2739 ns/op
OverheadActual  13: 131072 op, 298042.00 ns, 2.2739 ns/op
OverheadActual  14: 131072 op, 300292.00 ns, 2.2910 ns/op
OverheadActual  15: 131072 op, 298458.00 ns, 2.2771 ns/op

WorkloadWarmup   1: 131072 op, 535067083.00 ns, 4.0822 us/op
WorkloadWarmup   2: 131072 op, 532943209.00 ns, 4.0660 us/op
WorkloadWarmup   3: 131072 op, 532391084.00 ns, 4.0618 us/op

// BeforeActualRun
WorkloadActual   1: 131072 op, 534210667.00 ns, 4.0757 us/op
WorkloadActual   2: 131072 op, 535159500.00 ns, 4.0829 us/op
WorkloadActual   3: 131072 op, 533169917.00 ns, 4.0678 us/op

// AfterActualRun
WorkloadResult   1: 131072 op, 533912500.00 ns, 4.0734 us/op
WorkloadResult   2: 131072 op, 534861333.00 ns, 4.0807 us/op
WorkloadResult   3: 131072 op, 532871750.00 ns, 4.0655 us/op
// GC:  169 3 0 1063256064 131072
// Threading:  0 0 131072

// AfterAll
// Benchmark Process 93680 has exited with code 0.

Mean = 4.073 μs, StdErr = 0.004 μs (0.11%), N = 3, StdDev = 0.008 μs
Min = 4.065 μs, Q1 = 4.069 μs, Median = 4.073 μs, Q3 = 4.077 μs, Max = 4.081 μs
IQR = 0.008 μs, LowerFence = 4.058 μs, UpperFence = 4.088 μs
ConfidenceInterval = [3.935 μs; 4.212 μs] (CI 99.9%), Margin = 0.139 μs (3.40% of Mean)
Skewness = -0.03, Kurtosis = 0.67, MValue = 2

// ** Remained 3 (30.0%) benchmark(s) to run. Estimated finish 2026-04-04 1:00 (0h 0m from now) **
// **************************
// Benchmark: TileBuilderBenchmarks.'LineString (3000 pts, 200km, zoomed in)': ShortRun(IterationCount=3, LaunchCount=1, WarmupCount=3)
// *** Execute ***
// Launch: 1 / 1
// Execute: dotnet MvtNet.Benchmarks-ShortRun-1.dll --anonymousPipes 129 130 --benchmarkName MvtNet.Benchmarks.TileBuilderBenchmarks.LongLineStringZoomedIn --job ShortRun --benchmarkId 7 in /Users/bjornandersson/dev/com.bson/dotnet/MvtNet/MvtNet.Benchmarks/bin/Release/net10.0/MvtNet.Benchmarks-ShortRun-1/bin/Release/net10.0
// Failed to set up high priority (Permission denied). In order to run benchmarks with high priority, make sure you have the right permissions.
// BeforeAnythingElse

// Benchmark Process Environment Information:
// BenchmarkDotNet v0.15.8
// Runtime=.NET 10.0.5 (10.0.5, 10.0.526.15411), Arm64 RyuJIT armv8.0-a
// GC=Concurrent Workstation
// HardwareIntrinsics=ArmBase+AdvSimd,AES,CRC32,DP,RDM,SHA1,SHA256 VectorSize=128
// Job: ShortRun(IterationCount=3, LaunchCount=1, WarmupCount=3)

OverheadJitting  1: 1 op, 106500.00 ns, 106.5000 us/op
WorkloadJitting  1: 1 op, 8471791.00 ns, 8.4718 ms/op

OverheadJitting  2: 16 op, 360958.00 ns, 22.5599 us/op
WorkloadJitting  2: 16 op, 8185542.00 ns, 511.5964 us/op

WorkloadPilot    1: 16 op, 5201041.00 ns, 325.0651 us/op
WorkloadPilot    2: 32 op, 10321167.00 ns, 322.5365 us/op
WorkloadPilot    3: 64 op, 20659750.00 ns, 322.8086 us/op
WorkloadPilot    4: 128 op, 41019500.00 ns, 320.4648 us/op
WorkloadPilot    5: 256 op, 82490084.00 ns, 322.2269 us/op
WorkloadPilot    6: 512 op, 123059833.00 ns, 240.3512 us/op
WorkloadPilot    7: 1024 op, 258466667.00 ns, 252.4089 us/op
WorkloadPilot    8: 2048 op, 487379500.00 ns, 237.9783 us/op
WorkloadPilot    9: 4096 op, 971745458.00 ns, 237.2425 us/op

OverheadWarmup   1: 4096 op, 11167.00 ns, 2.7263 ns/op
OverheadWarmup   2: 4096 op, 9916.00 ns, 2.4209 ns/op
OverheadWarmup   3: 4096 op, 10000.00 ns, 2.4414 ns/op
OverheadWarmup   4: 4096 op, 9958.00 ns, 2.4312 ns/op
OverheadWarmup   5: 4096 op, 10208.00 ns, 2.4922 ns/op
OverheadWarmup   6: 4096 op, 10000.00 ns, 2.4414 ns/op

OverheadActual   1: 4096 op, 9958.00 ns, 2.4312 ns/op
OverheadActual   2: 4096 op, 9542.00 ns, 2.3296 ns/op
OverheadActual   3: 4096 op, 9625.00 ns, 2.3499 ns/op
OverheadActual   4: 4096 op, 9583.00 ns, 2.3396 ns/op
OverheadActual   5: 4096 op, 9542.00 ns, 2.3296 ns/op
OverheadActual   6: 4096 op, 9500.00 ns, 2.3193 ns/op
OverheadActual   7: 4096 op, 9500.00 ns, 2.3193 ns/op
OverheadActual   8: 4096 op, 9667.00 ns, 2.3601 ns/op
OverheadActual   9: 4096 op, 9583.00 ns, 2.3396 ns/op
OverheadActual  10: 4096 op, 10000.00 ns, 2.4414 ns/op
OverheadActual  11: 4096 op, 10208.00 ns, 2.4922 ns/op
OverheadActual  12: 4096 op, 10083.00 ns, 2.4617 ns/op
OverheadActual  13: 4096 op, 9541.00 ns, 2.3293 ns/op
OverheadActual  14: 4096 op, 9500.00 ns, 2.3193 ns/op
OverheadActual  15: 4096 op, 9917.00 ns, 2.4211 ns/op

WorkloadWarmup   1: 4096 op, 972394041.00 ns, 237.4009 us/op
WorkloadWarmup   2: 4096 op, 976726541.00 ns, 238.4586 us/op
WorkloadWarmup   3: 4096 op, 972483416.00 ns, 237.4227 us/op

// BeforeActualRun
WorkloadActual   1: 4096 op, 973607583.00 ns, 237.6972 us/op
WorkloadActual   2: 4096 op, 972674250.00 ns, 237.4693 us/op
WorkloadActual   3: 4096 op, 986272417.00 ns, 240.7892 us/op

// AfterActualRun
WorkloadResult   1: 4096 op, 973598000.00 ns, 237.6948 us/op
WorkloadResult   2: 4096 op, 972664667.00 ns, 237.4670 us/op
WorkloadResult   3: 4096 op, 986262834.00 ns, 240.7868 us/op
// GC:  16 0 0 104235008 4096
// Threading:  0 0 4096

// AfterAll
// Benchmark Process 93698 has exited with code 0.

Mean = 238.650 μs, StdErr = 1.071 μs (0.45%), N = 3, StdDev = 1.854 μs
Min = 237.467 μs, Q1 = 237.581 μs, Median = 237.695 μs, Q3 = 239.241 μs, Max = 240.787 μs
IQR = 1.660 μs, LowerFence = 235.091 μs, UpperFence = 241.731 μs
ConfidenceInterval = [204.817 μs; 272.482 μs] (CI 99.9%), Margin = 33.832 μs (14.18% of Mean)
Skewness = 0.38, Kurtosis = 0.67, MValue = 2

// ** Remained 2 (20.0%) benchmark(s) to run. Estimated finish 2026-04-04 1:00 (0h 0m from now) **
// **************************
// Benchmark: TileBuilderBenchmarks.'LineString (3000 pts, 200km, zoomed out)': ShortRun(IterationCount=3, LaunchCount=1, WarmupCount=3)
// *** Execute ***
// Launch: 1 / 1
// Execute: dotnet MvtNet.Benchmarks-ShortRun-1.dll --anonymousPipes 102 103 --benchmarkName MvtNet.Benchmarks.TileBuilderBenchmarks.LongLineStringZoomedOut --job ShortRun --benchmarkId 8 in /Users/bjornandersson/dev/com.bson/dotnet/MvtNet/MvtNet.Benchmarks/bin/Release/net10.0/MvtNet.Benchmarks-ShortRun-1/bin/Release/net10.0
// Failed to set up high priority (Permission denied). In order to run benchmarks with high priority, make sure you have the right permissions.
// BeforeAnythingElse

// Benchmark Process Environment Information:
// BenchmarkDotNet v0.15.8
// Runtime=.NET 10.0.5 (10.0.5, 10.0.526.15411), Arm64 RyuJIT armv8.0-a
// GC=Concurrent Workstation
// HardwareIntrinsics=ArmBase+AdvSimd,AES,CRC32,DP,RDM,SHA1,SHA256 VectorSize=128
// Job: ShortRun(IterationCount=3, LaunchCount=1, WarmupCount=3)

OverheadJitting  1: 1 op, 120584.00 ns, 120.5840 us/op
WorkloadJitting  1: 1 op, 9623333.00 ns, 9.6233 ms/op

OverheadJitting  2: 16 op, 372208.00 ns, 23.2630 us/op
WorkloadJitting  2: 16 op, 12243125.00 ns, 765.1953 us/op

WorkloadPilot    1: 16 op, 7833209.00 ns, 489.5756 us/op
WorkloadPilot    2: 32 op, 15370166.00 ns, 480.3177 us/op
WorkloadPilot    3: 64 op, 30130458.00 ns, 470.7884 us/op
WorkloadPilot    4: 128 op, 59069458.00 ns, 461.4801 us/op
WorkloadPilot    5: 256 op, 91521333.00 ns, 357.5052 us/op
WorkloadPilot    6: 512 op, 135837125.00 ns, 265.3069 us/op
WorkloadPilot    7: 1024 op, 272869625.00 ns, 266.4742 us/op
WorkloadPilot    8: 2048 op, 546554375.00 ns, 266.8723 us/op

OverheadWarmup   1: 2048 op, 5709.00 ns, 2.7876 ns/op
OverheadWarmup   2: 2048 op, 6167.00 ns, 3.0112 ns/op
OverheadWarmup   3: 2048 op, 4917.00 ns, 2.4009 ns/op
OverheadWarmup   4: 2048 op, 4959.00 ns, 2.4214 ns/op
OverheadWarmup   5: 2048 op, 4708.00 ns, 2.2988 ns/op

OverheadActual   1: 2048 op, 4625.00 ns, 2.2583 ns/op
OverheadActual   2: 2048 op, 5417.00 ns, 2.6450 ns/op
OverheadActual   3: 2048 op, 4916.00 ns, 2.4004 ns/op
OverheadActual   4: 2048 op, 4875.00 ns, 2.3804 ns/op
OverheadActual   5: 2048 op, 5041.00 ns, 2.4614 ns/op
OverheadActual   6: 2048 op, 4666.00 ns, 2.2783 ns/op
OverheadActual   7: 2048 op, 5416.00 ns, 2.6445 ns/op
OverheadActual   8: 2048 op, 4958.00 ns, 2.4209 ns/op
OverheadActual   9: 2048 op, 4875.00 ns, 2.3804 ns/op
OverheadActual  10: 2048 op, 5042.00 ns, 2.4619 ns/op
OverheadActual  11: 2048 op, 5000.00 ns, 2.4414 ns/op
OverheadActual  12: 2048 op, 4959.00 ns, 2.4214 ns/op
OverheadActual  13: 2048 op, 4916.00 ns, 2.4004 ns/op
OverheadActual  14: 2048 op, 4792.00 ns, 2.3398 ns/op
OverheadActual  15: 2048 op, 4958.00 ns, 2.4209 ns/op

WorkloadWarmup   1: 2048 op, 546046375.00 ns, 266.6242 us/op
WorkloadWarmup   2: 2048 op, 546362666.00 ns, 266.7786 us/op
WorkloadWarmup   3: 2048 op, 545418209.00 ns, 266.3175 us/op

// BeforeActualRun
WorkloadActual   1: 2048 op, 544548459.00 ns, 265.8928 us/op
WorkloadActual   2: 2048 op, 544182083.00 ns, 265.7139 us/op
WorkloadActual   3: 2048 op, 558801958.00 ns, 272.8525 us/op

// AfterActualRun
WorkloadResult   1: 2048 op, 544543501.00 ns, 265.8904 us/op
WorkloadResult   2: 2048 op, 544177125.00 ns, 265.7115 us/op
WorkloadResult   3: 2048 op, 558797000.00 ns, 272.8501 us/op
// GC:  33 4 0 208404480 2048
// Threading:  0 0 2048

// AfterAll
// Benchmark Process 93739 has exited with code 0.

Mean = 268.151 μs, StdErr = 2.350 μs (0.88%), N = 3, StdDev = 4.071 μs
Min = 265.711 μs, Q1 = 265.801 μs, Median = 265.890 μs, Q3 = 269.370 μs, Max = 272.850 μs
IQR = 3.569 μs, LowerFence = 260.447 μs, UpperFence = 274.724 μs
ConfidenceInterval = [193.884 μs; 342.418 μs] (CI 99.9%), Margin = 74.267 μs (27.70% of Mean)
Skewness = 0.38, Kurtosis = 0.67, MValue = 2

// ** Remained 1 (10.0%) benchmark(s) to run. Estimated finish 2026-04-04 1:00 (0h 0m from now) **
// **************************
// Benchmark: TileBuilderBenchmarks.'Point outside tile (skip)': ShortRun(IterationCount=3, LaunchCount=1, WarmupCount=3)
// *** Execute ***
// Launch: 1 / 1
// Execute: dotnet MvtNet.Benchmarks-ShortRun-1.dll --anonymousPipes 102 103 --benchmarkName MvtNet.Benchmarks.TileBuilderBenchmarks.PointOutsideTile --job ShortRun --benchmarkId 9 in /Users/bjornandersson/dev/com.bson/dotnet/MvtNet/MvtNet.Benchmarks/bin/Release/net10.0/MvtNet.Benchmarks-ShortRun-1/bin/Release/net10.0
// Failed to set up high priority (Permission denied). In order to run benchmarks with high priority, make sure you have the right permissions.
// BeforeAnythingElse

// Benchmark Process Environment Information:
// BenchmarkDotNet v0.15.8
// Runtime=.NET 10.0.5 (10.0.5, 10.0.526.15411), Arm64 RyuJIT armv8.0-a
// GC=Concurrent Workstation
// HardwareIntrinsics=ArmBase+AdvSimd,AES,CRC32,DP,RDM,SHA1,SHA256 VectorSize=128
// Job: ShortRun(IterationCount=3, LaunchCount=1, WarmupCount=3)

OverheadJitting  1: 1 op, 116500.00 ns, 116.5000 us/op
WorkloadJitting  1: 1 op, 7168500.00 ns, 7.1685 ms/op

OverheadJitting  2: 16 op, 362084.00 ns, 22.6303 us/op
WorkloadJitting  2: 16 op, 350375.00 ns, 21.8984 us/op

WorkloadPilot    1: 16 op, 25542.00 ns, 1.5964 us/op
WorkloadPilot    2: 32 op, 42000.00 ns, 1.3125 us/op
WorkloadPilot    3: 64 op, 81417.00 ns, 1.2721 us/op
WorkloadPilot    4: 128 op, 157167.00 ns, 1.2279 us/op
WorkloadPilot    5: 256 op, 336750.00 ns, 1.3154 us/op
WorkloadPilot    6: 512 op, 656750.00 ns, 1.2827 us/op
WorkloadPilot    7: 1024 op, 1356416.00 ns, 1.3246 us/op
WorkloadPilot    8: 2048 op, 2925708.00 ns, 1.4286 us/op
WorkloadPilot    9: 4096 op, 5828291.00 ns, 1.4229 us/op
WorkloadPilot   10: 8192 op, 11499500.00 ns, 1.4037 us/op
WorkloadPilot   11: 16384 op, 21793083.00 ns, 1.3301 us/op
WorkloadPilot   12: 32768 op, 43230791.00 ns, 1.3193 us/op
WorkloadPilot   13: 65536 op, 76149125.00 ns, 1.1619 us/op
WorkloadPilot   14: 131072 op, 47793583.00 ns, 364.6361 ns/op
WorkloadPilot   15: 262144 op, 86521750.00 ns, 330.0543 ns/op
WorkloadPilot   16: 524288 op, 173967208.00 ns, 331.8161 ns/op
WorkloadPilot   17: 1048576 op, 345018875.00 ns, 329.0356 ns/op
WorkloadPilot   18: 2097152 op, 688403167.00 ns, 328.2562 ns/op

OverheadWarmup   1: 2097152 op, 4805625.00 ns, 2.2915 ns/op
OverheadWarmup   2: 2097152 op, 4785583.00 ns, 2.2819 ns/op
OverheadWarmup   3: 2097152 op, 4787375.00 ns, 2.2828 ns/op
OverheadWarmup   4: 2097152 op, 4792000.00 ns, 2.2850 ns/op
OverheadWarmup   5: 2097152 op, 4766667.00 ns, 2.2729 ns/op
OverheadWarmup   6: 2097152 op, 4773292.00 ns, 2.2761 ns/op
OverheadWarmup   7: 2097152 op, 4649875.00 ns, 2.2172 ns/op

OverheadActual   1: 2097152 op, 4631333.00 ns, 2.2084 ns/op
OverheadActual   2: 2097152 op, 4838917.00 ns, 2.3074 ns/op
OverheadActual   3: 2097152 op, 4800250.00 ns, 2.2889 ns/op
OverheadActual   4: 2097152 op, 4800916.00 ns, 2.2893 ns/op
OverheadActual   5: 2097152 op, 4827708.00 ns, 2.3020 ns/op
OverheadActual   6: 2097152 op, 4815334.00 ns, 2.2961 ns/op
OverheadActual   7: 2097152 op, 4818959.00 ns, 2.2979 ns/op
OverheadActual   8: 2097152 op, 4793292.00 ns, 2.2856 ns/op
OverheadActual   9: 2097152 op, 4793792.00 ns, 2.2859 ns/op
OverheadActual  10: 2097152 op, 4634209.00 ns, 2.2098 ns/op
OverheadActual  11: 2097152 op, 4634458.00 ns, 2.2099 ns/op
OverheadActual  12: 2097152 op, 4634292.00 ns, 2.2098 ns/op
OverheadActual  13: 2097152 op, 4673375.00 ns, 2.2284 ns/op
OverheadActual  14: 2097152 op, 4801583.00 ns, 2.2896 ns/op
OverheadActual  15: 2097152 op, 4806541.00 ns, 2.2919 ns/op

WorkloadWarmup   1: 2097152 op, 690843292.00 ns, 329.4198 ns/op
WorkloadWarmup   2: 2097152 op, 690268917.00 ns, 329.1459 ns/op
WorkloadWarmup   3: 2097152 op, 691190333.00 ns, 329.5852 ns/op

// BeforeActualRun
WorkloadActual   1: 2097152 op, 692921875.00 ns, 330.4109 ns/op
WorkloadActual   2: 2097152 op, 688844334.00 ns, 328.4666 ns/op
WorkloadActual   3: 2097152 op, 690303792.00 ns, 329.1625 ns/op

// AfterActualRun
WorkloadResult   1: 2097152 op, 688121625.00 ns, 328.1220 ns/op
WorkloadResult   2: 2097152 op, 684044084.00 ns, 326.1776 ns/op
WorkloadResult   3: 2097152 op, 685503542.00 ns, 326.8736 ns/op
// GC:  454 1 0 2852126720 2097152
// Threading:  0 0 2097152

// AfterAll
// Benchmark Process 93766 has exited with code 0.

Mean = 327.058 ns, StdErr = 0.569 ns (0.17%), N = 3, StdDev = 0.985 ns
Min = 326.178 ns, Q1 = 326.526 ns, Median = 326.874 ns, Q3 = 327.498 ns, Max = 328.122 ns
IQR = 0.972 ns, LowerFence = 325.067 ns, UpperFence = 328.956 ns
ConfidenceInterval = [309.085 ns; 345.031 ns] (CI 99.9%), Margin = 17.973 ns (5.50% of Mean)
Skewness = 0.18, Kurtosis = 0.67, MValue = 2

// ** Remained 0 (0.0%) benchmark(s) to run. Estimated finish 2026-04-04 1:00 (0h 0m from now) **
// ***** BenchmarkRunner: Finish  *****

// * Export *
  BenchmarkDotNet.Artifacts/results/MvtNet.Benchmarks.TileBuilderBenchmarks-report.csv
  BenchmarkDotNet.Artifacts/results/MvtNet.Benchmarks.TileBuilderBenchmarks-report-github.md
  BenchmarkDotNet.Artifacts/results/MvtNet.Benchmarks.TileBuilderBenchmarks-report.html

// * Detailed results *
TileBuilderBenchmarks.'Single point': ShortRun(IterationCount=3, LaunchCount=1, WarmupCount=3)
Runtime = .NET 10.0.5 (10.0.5, 10.0.526.15411), Arm64 RyuJIT armv8.0-a; GC = Concurrent Workstation
Mean = 552.832 ns, StdErr = 3.850 ns (0.70%), N = 3, StdDev = 6.668 ns
Min = 548.121 ns, Q1 = 549.017 ns, Median = 549.913 ns, Q3 = 555.188 ns, Max = 560.462 ns
IQR = 6.170 ns, LowerFence = 539.762 ns, UpperFence = 564.443 ns
ConfidenceInterval = [431.180 ns; 674.485 ns] (CI 99.9%), Margin = 121.652 ns (22.01% of Mean)
Skewness = 0.35, Kurtosis = 0.67, MValue = 2
-------------------- Histogram --------------------
[542.053 ns ; 555.085 ns) | @@
[555.085 ns ; 566.530 ns) | @
---------------------------------------------------

TileBuilderBenchmarks.'Point with attributes': ShortRun(IterationCount=3, LaunchCount=1, WarmupCount=3)
Runtime = .NET 10.0.5 (10.0.5, 10.0.526.15411), Arm64 RyuJIT armv8.0-a; GC = Concurrent Workstation
Mean = 1.004 μs, StdErr = 0.000 μs (0.00%), N = 3, StdDev = 0.000 μs
Min = 1.004 μs, Q1 = 1.004 μs, Median = 1.004 μs, Q3 = 1.004 μs, Max = 1.004 μs
IQR = 0.000 μs, LowerFence = 1.004 μs, UpperFence = 1.004 μs
ConfidenceInterval = [1.004 μs; 1.005 μs] (CI 99.9%), Margin = 0.000 μs (0.05% of Mean)
Skewness = 0.35, Kurtosis = 0.67, MValue = 2
-------------------- Histogram --------------------
[1.004 μs ; 1.004 μs) | @@@
---------------------------------------------------

TileBuilderBenchmarks.'10 points': ShortRun(IterationCount=3, LaunchCount=1, WarmupCount=3)
Runtime = .NET 10.0.5 (10.0.5, 10.0.526.15411), Arm64 RyuJIT armv8.0-a; GC = Concurrent Workstation
Mean = 4.801 μs, StdErr = 0.019 μs (0.39%), N = 3, StdDev = 0.032 μs
Min = 4.773 μs, Q1 = 4.784 μs, Median = 4.795 μs, Q3 = 4.816 μs, Max = 4.837 μs
IQR = 0.032 μs, LowerFence = 4.736 μs, UpperFence = 4.863 μs
ConfidenceInterval = [4.210 μs; 5.393 μs] (CI 99.9%), Margin = 0.592 μs (12.32% of Mean)
Skewness = 0.2, Kurtosis = 0.67, MValue = 2
-------------------- Histogram --------------------
[4.743 μs ; 4.866 μs) | @@@
---------------------------------------------------

TileBuilderBenchmarks.'100 points': ShortRun(IterationCount=3, LaunchCount=1, WarmupCount=3)
Runtime = .NET 10.0.5 (10.0.5, 10.0.526.15411), Arm64 RyuJIT armv8.0-a; GC = Concurrent Workstation
Mean = 41.273 μs, StdErr = 0.216 μs (0.52%), N = 3, StdDev = 0.373 μs
Min = 41.013 μs, Q1 = 41.059 μs, Median = 41.105 μs, Q3 = 41.403 μs, Max = 41.701 μs
IQR = 0.344 μs, LowerFence = 40.543 μs, UpperFence = 41.919 μs
ConfidenceInterval = [34.462 μs; 48.083 μs] (CI 99.9%), Margin = 6.810 μs (16.50% of Mean)
Skewness = 0.36, Kurtosis = 0.67, MValue = 2
-------------------- Histogram --------------------
[40.673 μs ; 42.040 μs) | @@@
---------------------------------------------------

TileBuilderBenchmarks.'LineString (5 pts)': ShortRun(IterationCount=3, LaunchCount=1, WarmupCount=3)
Runtime = .NET 10.0.5 (10.0.5, 10.0.526.15411), Arm64 RyuJIT armv8.0-a; GC = Concurrent Workstation
Mean = 1.021 μs, StdErr = 0.002 μs (0.19%), N = 3, StdDev = 0.003 μs
Min = 1.017 μs, Q1 = 1.019 μs, Median = 1.022 μs, Q3 = 1.023 μs, Max = 1.023 μs
IQR = 0.003 μs, LowerFence = 1.015 μs, UpperFence = 1.027 μs
ConfidenceInterval = [0.958 μs; 1.083 μs] (CI 99.9%), Margin = 0.062 μs (6.12% of Mean)
Skewness = -0.34, Kurtosis = 0.67, MValue = 2
-------------------- Histogram --------------------
[1.014 μs ; 1.026 μs) | @@@
---------------------------------------------------

TileBuilderBenchmarks.'Polygon (4 pts)': ShortRun(IterationCount=3, LaunchCount=1, WarmupCount=3)
Runtime = .NET 10.0.5 (10.0.5, 10.0.526.15411), Arm64 RyuJIT armv8.0-a; GC = Concurrent Workstation
Mean = 863.724 ns, StdErr = 6.245 ns (0.72%), N = 3, StdDev = 10.817 ns
Min = 857.263 ns, Q1 = 857.480 ns, Median = 857.697 ns, Q3 = 866.954 ns, Max = 876.212 ns
IQR = 9.475 ns, LowerFence = 843.268 ns, UpperFence = 881.166 ns
ConfidenceInterval = [666.376 ns; 1,061.072 ns] (CI 99.9%), Margin = 197.348 ns (22.85% of Mean)
Skewness = 0.38, Kurtosis = 0.67, MValue = 2
-------------------- Histogram --------------------
[856.893 ns ; 876.582 ns) | @@@
---------------------------------------------------

TileBuilderBenchmarks.'Mixed tile (realistic)': ShortRun(IterationCount=3, LaunchCount=1, WarmupCount=3)
Runtime = .NET 10.0.5 (10.0.5, 10.0.526.15411), Arm64 RyuJIT armv8.0-a; GC = Concurrent Workstation
Mean = 4.073 μs, StdErr = 0.004 μs (0.11%), N = 3, StdDev = 0.008 μs
Min = 4.065 μs, Q1 = 4.069 μs, Median = 4.073 μs, Q3 = 4.077 μs, Max = 4.081 μs
IQR = 0.008 μs, LowerFence = 4.058 μs, UpperFence = 4.088 μs
ConfidenceInterval = [3.935 μs; 4.212 μs] (CI 99.9%), Margin = 0.139 μs (3.40% of Mean)
Skewness = -0.03, Kurtosis = 0.67, MValue = 2
-------------------- Histogram --------------------
[4.059 μs ; 4.088 μs) | @@@
---------------------------------------------------

TileBuilderBenchmarks.'LineString (3000 pts, 200km, zoomed in)': ShortRun(IterationCount=3, LaunchCount=1, WarmupCount=3)
Runtime = .NET 10.0.5 (10.0.5, 10.0.526.15411), Arm64 RyuJIT armv8.0-a; GC = Concurrent Workstation
Mean = 238.650 μs, StdErr = 1.071 μs (0.45%), N = 3, StdDev = 1.854 μs
Min = 237.467 μs, Q1 = 237.581 μs, Median = 237.695 μs, Q3 = 239.241 μs, Max = 240.787 μs
IQR = 1.660 μs, LowerFence = 235.091 μs, UpperFence = 241.731 μs
ConfidenceInterval = [204.817 μs; 272.482 μs] (CI 99.9%), Margin = 33.832 μs (14.18% of Mean)
Skewness = 0.38, Kurtosis = 0.67, MValue = 2
-------------------- Histogram --------------------
[237.439 μs ; 240.815 μs) | @@@
---------------------------------------------------

TileBuilderBenchmarks.'LineString (3000 pts, 200km, zoomed out)': ShortRun(IterationCount=3, LaunchCount=1, WarmupCount=3)
Runtime = .NET 10.0.5 (10.0.5, 10.0.526.15411), Arm64 RyuJIT armv8.0-a; GC = Concurrent Workstation
Mean = 268.151 μs, StdErr = 2.350 μs (0.88%), N = 3, StdDev = 4.071 μs
Min = 265.711 μs, Q1 = 265.801 μs, Median = 265.890 μs, Q3 = 269.370 μs, Max = 272.850 μs
IQR = 3.569 μs, LowerFence = 260.447 μs, UpperFence = 274.724 μs
ConfidenceInterval = [193.884 μs; 342.418 μs] (CI 99.9%), Margin = 74.267 μs (27.70% of Mean)
Skewness = 0.38, Kurtosis = 0.67, MValue = 2
-------------------- Histogram --------------------
[265.576 μs ; 272.985 μs) | @@@
---------------------------------------------------

TileBuilderBenchmarks.'Point outside tile (skip)': ShortRun(IterationCount=3, LaunchCount=1, WarmupCount=3)
Runtime = .NET 10.0.5 (10.0.5, 10.0.526.15411), Arm64 RyuJIT armv8.0-a; GC = Concurrent Workstation
Mean = 327.058 ns, StdErr = 0.569 ns (0.17%), N = 3, StdDev = 0.985 ns
Min = 326.178 ns, Q1 = 326.526 ns, Median = 326.874 ns, Q3 = 327.498 ns, Max = 328.122 ns
IQR = 0.972 ns, LowerFence = 325.067 ns, UpperFence = 328.956 ns
ConfidenceInterval = [309.085 ns; 345.031 ns] (CI 99.9%), Margin = 17.973 ns (5.50% of Mean)
Skewness = 0.18, Kurtosis = 0.67, MValue = 2
-------------------- Histogram --------------------
[325.281 ns ; 329.019 ns) | @@@
---------------------------------------------------

// * Summary *

BenchmarkDotNet v0.15.8, macOS Sequoia 15.7.3 (24G419) [Darwin 24.6.0]
Apple M1 Pro, 1 CPU, 10 logical and 10 physical cores
.NET SDK 10.0.201
  [Host]   : .NET 10.0.5 (10.0.5, 10.0.526.15411), Arm64 RyuJIT armv8.0-a
  ShortRun : .NET 10.0.5 (10.0.5, 10.0.526.15411), Arm64 RyuJIT armv8.0-a

Job=ShortRun  IterationCount=3  LaunchCount=1  
WarmupCount=3  

| Method                                     | Mean         | Error        | StdDev      | Gen0    | Gen1   | Allocated |
|------------------------------------------- |-------------:|-------------:|------------:|--------:|-------:|----------:|
| 'Single point'                             |     552.8 ns |    121.65 ns |     6.67 ns |  0.2823 | 0.0010 |   1.73 KB |
| 'Point with attributes'                    |   1,004.2 ns |      0.49 ns |     0.03 ns |  0.5207 | 0.0038 |    3.2 KB |
| '10 points'                                |   4,801.3 ns |    591.65 ns |    32.43 ns |  1.3123 | 0.0153 |   8.06 KB |
| '100 points'                               |  41,272.9 ns |  6,810.48 ns |   373.31 ns |  9.2163 | 0.7324 |  56.73 KB |
| 'LineString (5 pts)'                       |   1,020.7 ns |     62.49 ns |     3.43 ns |  0.3719 |      - |   2.28 KB |
| 'Polygon (4 pts)'                          |     863.7 ns |    197.35 ns |    10.82 ns |  0.3166 | 0.0010 |   1.95 KB |
| 'Mixed tile (realistic)'                   |   4,073.2 ns |    138.51 ns |     7.59 ns |  1.2894 | 0.0229 |   7.92 KB |
| 'LineString (3000 pts, 200km, zoomed in)'  | 238,649.5 ns | 33,832.06 ns | 1,854.45 ns |  3.9063 |      - |  24.85 KB |
| 'LineString (3000 pts, 200km, zoomed out)' | 268,150.7 ns | 74,266.90 ns | 4,070.82 ns | 16.1133 | 1.9531 |  99.38 KB |
| 'Point outside tile (skip)'                |     327.1 ns |     17.97 ns |     0.99 ns |  0.2165 | 0.0005 |   1.33 KB |

// * Legends *
  Mean      : Arithmetic mean of all measurements
  Error     : Half of 99.9% confidence interval
  StdDev    : Standard deviation of all measurements
  Gen0      : GC Generation 0 collects per 1000 operations
  Gen1      : GC Generation 1 collects per 1000 operations
  Allocated : Allocated memory per single operation (managed only, inclusive, 1KB = 1024B)
  1 ns      : 1 Nanosecond (0.000000001 sec)

// * Diagnostic Output - MemoryDiagnoser *


// ***** BenchmarkRunner: End *****
Run time: 00:01:02 (62.71 sec), executed benchmarks: 10

Global total time: 00:01:09 (69.7 sec), executed benchmarks: 10
// * Artifacts cleanup *
Artifacts cleanup is finished
